N=41 k=4 n=6 V: 1 40 700 3394 24 0 time=0.01
N=42 k=4 n=6 V: 1 40 676 3035 77 0 time=0.01
N=43 k=4 n=6 V: 1 42 777 4196 82 0 time=0.01
N=44 k=4 n=6 V: 1 42 750 3771 84 0 time=0.01
N=45 k=4 n=6 V: 1 44 865 5646 1154 0 time=0.01
N=46 k=4 n=6 V: 1 44 825 4299 243 0 time=0.01
N=47 k=4 n=6 V: 1 46 943 6163 545 0 time=0.01
N=48 k=4 n=6 V: 1 46 919 5868 856 0 time=0.02
N=49 k=4 n=6 V: 1 48 1032 7145 905 0 time=0.02
N=50 k=4 n=6 V: 1 48 1000 6233 966 0 time=0.02
N=51 k=4 n=6 V: 1 50 1128 9345 2823 0 time=0.03
N=52 k=4 n=6 V: 1 50 1092 7832 1229 0 time=0.03
N=53 k=4 n=6 V: 1 52 1222 10145 2529 0 time=0.04
N=54 k=4 n=6 V: 1 52 1189 9269 2936 0 time=0.04
N=55 k=4 n=6 V: 1 54 1327 11939 4353 0 time=0.05
N=56 k=4 n=6 V: 1 54 1287 10167 2621 0 time=0.04
N=57 k=4 n=6 V: 1 56 1431 14409 7759 0 time=0.07
N=58 k=4 n=6 V: 1 56 1386 11729 4128 0 time=0.05
N=59 k=4 n=6 V: 1 58 1537 15557 7304 0 time=0.08
N=60 k=4 n=6 V: 1 58 1508 14992 8402 0 time=0.08
N=61 k=4 n=6 V: 1 60 1650 17716 9823 0 time=0.09
N=62 k=4 n=6 V: 1 60 1605 15441 7615 0 time=0.08
N=63 k=4 n=6 V: 1 62 1770 20601 15291 0 time=0.12
N=64 k=4 n=6 V: 1 62 1725 17999 10452 0 time=0.11
N=65 k=4 n=6 V: 1 64 1892 22899 17437 0 time=0.14
N=66 k=4 n=6 V: 1 64 1846 20890 16023 0 time=0.15
N=67 k=4 n=6 V: 1 66 2013 25370 21161 0 time=0.19
N=68 k=4 n=6 V: 1 66 1968 23216 17674 0 time=0.20
N=69 k=4 n=6 V: 1 68 2145 29433 31783 0 time=0.28
N=70 k=4 n=6 V: 1 68 2095 24915 20808 0 time=0.20
N=71 k=4 n=6 V: 1 70 2275 31534 32677 0 time=0.28
N=72 k=4 n=6 V: 1 70 2233 29526 30689 0 time=0.37
N=73 k=4 n=6 V: 1 72 2412 34957 39869 0 time=0.34
N=74 k=4 n=6 V: 1 72 2358 31183 31904 0 time=0.30
N=75 k=4 n=6 V: 1 74 2560 40215 59027 0 time=0.45
N=76 k=4 n=6 V: 1 74 2502 35571 40795 0 time=0.46
N=77 k=4 n=6 V: 1 76 2698 42137 55618 0 time=0.50
N=78 k=4 n=6 V: 1 76 2647 39564 52937 0 time=0.47
SOLUTION k=4 N=79 {2,29,45,74,77,79}
N=79 k=4 n=6 V: 1 2 99 2765 5229 1 time=0.04
