N=80 k=4 n=7 V: 1 78 2797 42979 59211 2 0 time=0.56
N=81 k=4 n=7 V: 1 80 3003 52226 97904 2 0 time=0.79
N=82 k=4 n=7 V: 1 80 2940 46155 66510 2 0 time=0.64
N=83 k=4 n=7 V: 1 82 3157 55820 96534 10 0 time=0.84
N=84 k=4 n=7 V: 1 82 3106 52749 88219 4 0 time=0.92
N=85 k=4 n=7 V: 1 84 3322 61368 117293 16 0 time=1.11
N=86 k=4 n=7 V: 1 84 3255 55176 92374 26 0 time=0.93
N=87 k=4 n=7 V: 1 86 3486 67481 150907 35 0 time=1.32
N=88 k=4 n=7 V: 1 86 3423 60839 109692 22 0 time=1.12
N=89 k=4 n=7 V: 1 88 3652 71618 153481 73 0 time=1.47
N=90 k=4 n=7 V: 1 88 3596 67085 146729 35 0 time=1.39
N=91 k=4 n=7 V: 1 90 3825 77111 172053 108 0 time=1.64
N=92 k=4 n=7 V: 1 90 3762 72132 149430 91 0 time=1.62
N=93 k=4 n=7 V: 1 92 4005 85182 232961 170 0 time=2.20
N=94 k=4 n=7 V: 1 92 3933 76607 168303 161 0 time=1.84
N=95 k=4 n=7 V: 1 94 4187 90865 240489 863 0 time=2.54
N=96 k=4 n=7 V: 1 94 4123 85449 218130 193 0 time=2.30
N=97 k=4 n=7 V: 1 96 4368 96961 268175 460 0 time=2.71
N=98 k=4 n=7 V: 1 96 4296 88736 217279 378 0 time=2.50
N=99 k=4 n=7 V: 1 98 4560 105353 358694 553 0 time=3.48
N=100 k=4 n=7 V: 1 98 4492 97803 262298 349 0 time=2.94
N=101 k=4 n=7 V: 1 100 4750 111610 347686 977 0 time=3.74
N=102 k=4 n=7 V: 1 100 4681 105093 320856 559 0 time=3.54
N=103 k=4 n=7 V: 1 102 4947 119457 394138 1320 0 time=4.26
N=104 k=4 n=7 V: 1 102 4875 111488 328392 879 0 time=4.11
N=105 k=4 n=7 V: 1 104 5155 129870 492841 2208 0 time=5.30
N=106 k=4 n=7 V: 1 104 5070 118190 371054 1247 0 time=4.50
N=107 k=4 n=7 V: 1 106 5353 136234 501523 2381 0 time=5.87
N=108 k=4 n=7 V: 1 106 5284 129663 483895 1240 0 time=5.91
N=109 k=4 n=7 V: 1 108 5562 145180 563648 2905 0 time=6.74
N=110 k=4 n=7 V: 1 108 5485 135202 481761 2884 0 time=6.14
N=111 k=4 n=7 V: 1 110 5778 156368 708835 3202 0 time=8.35
N=112 k=4 n=7 V: 1 110 5697 144534 524064 2360 0 time=7.02
N=113 k=4 n=7 V: 1 112 5992 164231 706794 4515 0 time=9.04
N=114 k=4 n=7 V: 1 112 5914 155411 653530 3100 0 time=8.51
N=115 k=4 n=7 V: 1 114 6217 175327 792519 6809 0 time=10.20
N=116 k=4 n=7 V: 1 114 6132 164325 674496 3610 0 time=9.11
N=117 k=4 n=7 V: 1 116 6441 186464 991226 5567 0 time=12.80
N=118 k=4 n=7 V: 1 116 6351 172630 739394 4898 0 time=10.28
N=119 k=4 n=7 V: 1 118 6667 195527 954796 7218 0 time=13.12
N=120 k=4 n=7 V: 1 118 6593 187465 910879 6503 0 time=12.64
N=121 k=4 n=7 V: 1 120 6900 206989 1094534 8873 0 time=15.21
N=122 k=4 n=7 V: 1 120 6810 193932 913124 7304 0 time=13.38
N=123 k=4 n=7 V: 1 122 7140 221052 1323009 11999 0 time=18.32
N=124 k=4 n=7 V: 1 122 7050 207082 1031428 7876 0 time=15.21
N=125 k=4 n=7 V: 1 124 7382 232290 1320997 18108 0 time=19.51
N=126 k=4 n=7 V: 1 124 7291 218925 1209566 15883 0 time=18.57
N=127 k=4 n=7 V: 1 126 7623 243891 1454531 16290 0 time=22.05
N=128 k=4 n=7 V: 1 126 7533 230587 1244610 12174 0 time=19.51
N=129 k=4 n=7 V: 1 128 7875 259209 1757535 25178 0 time=26.58
N=130 k=4 n=7 V: 1 128 7780 242307 1366105 17962 0 time=22.35
N=131 k=4 n=7 V: 1 130 8125 270625 1756107 24526 0 time=27.57
N=132 k=4 n=7 V: 1 130 8038 259176 1681630 23604 0 time=27.05
N=133 k=4 n=7 V: 1 132 8382 284447 1891510 28628 0 time=30.60
N=134 k=4 n=7 V: 1 132 8283 268204 1640576 23542 0 time=27.88
N=135 k=4 n=7 V: 1 134 8650 302343 2306191 146940 0 time=38.52
N=136 k=4 n=7 V: 1 134 8547 283900 1807659 28049 0 time=31.16
N=137 k=4 n=7 V: 1 136 8908 314275 2299127 46341 0 time=39.03
N=138 k=4 n=7 V: 1 136 8812 299763 2118041 56497 0 time=38.33
N=139 k=4 n=7 V: 1 138 9177 329805 2507043 57831 0 time=43.46
N=140 k=4 n=7 V: 1 138 9082 314156 2161030 49039 0 time=40.08
N=141 k=4 n=7 V: 1 140 9453 348239 2960830 123931 0 time=53.70
N=142 k=4 n=7 V: 1 140 9345 326996 2340321 55944 0 time=44.21
N=143 k=4 n=7 V: 1 142 9727 362017 3006528 83518 0 time=56.05
N=144 k=4 n=7 V: 1 142 9631 347354 2788473 145403 0 time=54.47
N=145 k=4 n=7 V: 1 144 10012 380730 3210730 141599 0 time=62.04
N=146 k=4 n=7 V: 1 144 9900 359367 2768687 84450 0 time=54.95
N=147 k=4 n=7 V: 1 146 10296 399299 3710709 217411 0 time=72.72
N=148 k=4 n=7 V: 1 146 10188 378603 3068391 98018 0 time=63.22
N=149 k=4 n=7 V: 1 148 10582 415154 3777077 162932 0 time=76.35
N=150 k=4 n=7 V: 1 148 10481 398128 3474895 246818 0 time=73.50
N=151 k=4 n=7 V: 1 150 10875 433822 4082788 199209 0 time=86.85
N=152 k=4 n=7 V: 1 150 10767 413859 3550945 145080 0 time=77.33
N=153 k=4 n=7 V: 1 152 11175 455359 4736480 521235 0 time=104.10
N=154 k=4 n=7 V: 1 152 11058 429712 3798456 176739 0 time=85.95
N=155 k=4 n=7 V: 1 154 11477 474207 4740125 348894 0 time=106.55
N=156 k=4 n=7 V: 1 154 11368 455054 4502185 326314 0 time=103.00
N=157 k=4 n=7 V: 1 156 11778 493157 5114845 345502 0 time=118.54
N=158 k=4 n=7 V: 1 156 11661 469147 4432362 268861 0 time=105.15
N=159 k=4 n=7 V: 1 158 12090 516804 5873269 675207 0 time=140.32
N=160 k=4 n=7 V: 1 158 11977 492506 4816190 362983 0 time=118.13
N=161 k=4 n=7 V: 1 160 12400 535377 5833781 452469 0 time=139.46
N=162 k=4 n=7 V: 1 160 12286 513568 5443905 664172 0 time=133.80
N=163 k=4 n=7 V: 1 162 12717 557668 6338675 581090 0 time=154.70
N=164 k=4 n=7 V: 1 162 12600 534109 5626272 437363 0 time=141.47
N=165 k=4 n=7 V: 1 164 13045 584330 7260574 1254044 0 time=188.91
N=166 k=4 n=7 V: 1 164 12915 553531 5915863 536028 0 time=156.27
N=167 k=4 n=7 V: 1 166 13363 603655 7271850 804674 0 time=192.32
N=168 k=4 n=7 V: 1 166 13249 581621 6712551 833880 0 time=182.43
N=169 k=4 n=7 V: 1 168 13692 627395 7806477 911009 0 time=208.78
N=170 k=4 n=7 V: 1 168 13570 600441 6780303 841094 0 time=187.39
N=171 k=4 n=7 V: 1 170 14028 654795 8795662 1899390 0 time=248.74
N=172 k=4 n=7 V: 1 170 13902 625747 7405573 842606 0 time=209.90
N=173 k=4 n=7 V: 1 172 14362 677267 8865991 1268883 0 time=251.76
