N=1 k=5 n=7 V: 1 0 0 0 0 0 0
N=2 k=5 n=7 V: 1 1 0 0 0 0 0
N=3 k=5 n=7 V: 1 2 0 0 0 0 0
N=4 k=5 n=7 V: 1 3 1 0 0 0 0
N=5 k=5 n=7 V: 1 4 6 0 0 0 0
N=6 k=5 n=7 V: 1 5 9 1 0 0 0
N=7 k=5 n=7 V: 1 6 15 3 0 0 0
N=8 k=5 n=7 V: 1 7 19 2 0 0 0
N=9 k=5 n=7 V: 1 8 27 4 0 0 0
N=10 k=5 n=7 V: 1 9 36 27 0 0 0
N=11 k=5 n=7 V: 1 10 45 31 0 0 0
N=12 k=5 n=7 V: 1 11 52 49 0 0 0
N=13 k=5 n=7 V: 1 12 66 94 0 0 0
N=14 k=5 n=7 V: 1 13 78 179 1 0 0
N=15 k=5 n=7 V: 1 14 90 223 4 0 0
N=16 k=5 n=7 V: 1 15 103 281 7 0 0
N=17 k=5 n=7 V: 1 16 120 393 19 0 0
N=18 k=5 n=7 V: 1 17 135 509 41 0 0
N=19 k=5 n=7 V: 1 18 153 630 90 0 0
N=20 k=5 n=7 V: 1 19 169 733 190 0 0
N=21 k=5 n=7 V: 1 20 189 913 260 0 0
N=22 k=5 n=7 V: 1 21 210 1091 312 1 0
N=23 k=5 n=7 V: 1 22 231 1313 666 7 0
N=24 k=5 n=7 V: 1 23 250 1430 592 8 0
N=25 k=5 n=7 V: 1 24 276 1809 1898 84 0
N=26 k=5 n=7 V: 1 25 300 2000 1371 26 0
N=27 k=5 n=7 V: 1 26 324 2284 1847 51 0
N=28 k=5 n=7 V: 1 27 349 2547 2510 47 0
N=29 k=5 n=7 V: 1 28 378 2983 3598 117 0
N=30 k=5 n=7 V: 1 29 405 3285 5236 252 0
N=31 k=5 n=7 V: 1 30 435 3748 5982 200 0
N=32 k=5 n=7 V: 1 31 463 4042 6523 175 0
N=33 k=5 n=7 V: 1 32 495 4524 7847 255 0
N=34 k=5 n=7 V: 1 33 528 5055 11563 275 0
N=35 k=5 n=7 V: 1 34 561 5711 16686 1276 0
N=36 k=5 n=7 V: 1 35 592 5945 14290 407 0
N=37 k=5 n=7 V: 1 36 630 6762 19651 794 0
N=38 k=5 n=7 V: 1 37 666 7320 24378 699 0
N=39 k=5 n=7 V: 1 38 702 7902 25063 965 0
N=40 k=5 n=7 V: 1 39 739 8589 32176 1496 0
N=41 k=5 n=7 V: 1 40 780 9461 37473 1774 0
N=42 k=5 n=7 V: 1 41 819 10088 46266 1801 0
N=43 k=5 n=7 V: 1 42 861 11042 50068 2624 0
N=44 k=5 n=7 V: 1 43 901 11653 52804 2109 0
N=45 k=5 n=7 V: 1 44 945 12695 64879 4497 0
N=46 k=5 n=7 V: 1 45 990 13639 75905 3674 0
N=47 k=5 n=7 V: 1 46 1035 14701 83629 5975 0
N=48 k=5 n=7 V: 1 47 1078 15350 88787 5102 0
N=49 k=5 n=7 V: 1 48 1128 16835 108613 10608 0
N=50 k=5 n=7 V: 1 49 1176 17868 121749 19544 0
N=51 k=5 n=7 V: 1 50 1224 18888 126522 12421 0
N=52 k=5 n=7 V: 1 51 1273 19984 136562 13035 0
N=53 k=5 n=7 V: 1 52 1326 21555 160654 20998 0
N=54 k=5 n=7 V: 1 53 1377 22649 178392 20708 0
N=55 k=5 n=7 V: 1 54 1431 24289 197771 45814 0
N=56 k=5 n=7 V: 1 55 1483 25405 211118 33467 0
N=57 k=5 n=7 V: 1 56 1539 26916 228150 43645 0
N=58 k=5 n=7 V: 1 57 1596 28559 257580 51500 0
N=59 k=5 n=7 V: 1 58 1653 30251 279662 69051 0
SOLUTION k=5 N=60 {1,39,44,55,56,59,60}
SOLUTION k=5 N=60 {1,5,39,55,56,59,60}
SOLUTION k=5 N=60 {9,10,44,53,54,59,60}
SOLUTION k=5 N=60 {2,5,39,55,57,58,60}
N=60 k=5 n=7 V: 1 59 1708 31389 289252 93323 4
