N=61 k=5 n=8 V: 1 60 1770 33590 329968 99351 8 0 time=1.09
N=62 k=5 n=8 V: 1 61 1830 35240 358302 114085 10 0 time=1.32
N=63 k=5 n=8 V: 1 62 1890 37013 385633 137905 20 0 time=1.53
N=64 k=5 n=8 V: 1 63 1951 38697 405693 144163 35 0 time=1.60
N=65 k=5 n=8 V: 1 64 2016 41030 453744 258517 128 0 time=2.01
N=66 k=5 n=8 V: 1 65 2079 42673 479589 218224 142 0 time=2.09
N=67 k=5 n=8 V: 1 66 2145 45070 522438 275338 267 0 time=2.49
N=68 k=5 n=8 V: 1 67 2209 46785 540810 288776 218 0 time=2.59
N=69 k=5 n=8 V: 1 68 2277 49134 589499 363162 837 0 time=3.08
N=70 k=5 n=8 V: 1 69 2346 51630 650022 577690 1511 0 time=3.89
N=71 k=5 n=8 V: 1 70 2415 54009 688825 510109 1070 0 time=4.17
N=72 k=5 n=8 V: 1 71 2482 55806 710480 499183 1216 0 time=4.48
N=73 k=5 n=8 V: 1 72 2556 58884 784562 672507 1845 0 time=5.27
N=74 k=5 n=8 V: 1 73 2628 61296 832535 776814 1650 0 time=5.82
N=75 k=5 n=8 V: 1 74 2700 63793 880295 1055326 14883 0 time=6.90
N=76 k=5 n=8 V: 1 75 2773 66264 918485 930339 3170 0 time=6.80
N=77 k=5 n=8 V: 1 76 2850 69558 1011578 1168632 4839 0 time=8.38
N=78 k=5 n=8 V: 1 77 2925 71929 1049218 1256240 5863 0 time=9.51
N=79 k=5 n=8 V: 1 78 3003 75260 1132307 1484031 8418 0 time=10.31
N=80 k=5 n=8 V: 1 79 3079 77830 1177655 1789827 16672 0 time=11.70
N=81 k=5 n=8 V: 1 80 3159 81040 1253890 1777930 14344 0 time=12.36
N=82 k=5 n=8 V: 1 81 3240 84319 1334563 2169315 11569 0 time=14.41
N=83 k=5 n=8 V: 1 82 3321 87703 1419144 2384503 19305 0 time=15.65
N=84 k=5 n=8 V: 1 83 3400 90236 1449870 2491921 17039 0 time=16.77
N=85 k=5 n=8 V: 1 84 3486 94439 1587845 3406716 60333 0 time=20.73
N=86 k=5 n=8 V: 1 85 3570 97720 1655904 3410054 25673 0 time=22.50
N=87 k=5 n=8 V: 1 86 3654 101094 1731089 3533421 45183 0 time=23.71
N=88 k=5 n=8 V: 1 87 3739 104573 1809307 3813491 34306 0 time=25.96
N=89 k=5 n=8 V: 1 88 3828 108813 1943551 4528490 58368 0 time=29.86
N=90 k=5 n=8 V: 1 89 3915 112225 2021350 5414936 116674 0 time=34.71
N=91 k=5 n=8 V: 1 90 4005 116581 2152867 5631074 78715 0 time=37.67
SOLUTION k=5 N=92 {10,11,67,77,78,81,82,92}
N=92 k=5 n=8 V: 1 10 775 32600 754227 2068028 36328 1 time=13.44
