N=1 k=5 n=8 V: 1 0 0 0 0 0 0 0 time=0.00
N=2 k=5 n=8 V: 1 1 0 0 0 0 0 0 time=0.00
N=3 k=5 n=8 V: 1 2 0 0 0 0 0 0 time=0.00
N=4 k=5 n=8 V: 1 3 1 0 0 0 0 0 time=0.00
N=5 k=5 n=8 V: 1 4 6 0 0 0 0 0 time=0.00
N=6 k=5 n=8 V: 1 5 9 1 0 0 0 0 time=0.00
N=7 k=5 n=8 V: 1 6 15 3 0 0 0 0 time=0.00
N=8 k=5 n=8 V: 1 7 19 2 0 0 0 0 time=0.00
N=9 k=5 n=8 V: 1 8 27 4 0 0 0 0 time=0.00
N=10 k=5 n=8 V: 1 9 36 27 0 0 0 0 time=0.00
N=11 k=5 n=8 V: 1 10 45 31 0 0 0 0 time=0.00
N=12 k=5 n=8 V: 1 11 52 49 0 0 0 0 time=0.00
N=13 k=5 n=8 V: 1 12 66 94 0 0 0 0 time=0.00
N=14 k=5 n=8 V: 1 13 78 179 1 0 0 0 time=0.00
N=15 k=5 n=8 V: 1 14 90 223 4 0 0 0 time=0.00
N=16 k=5 n=8 V: 1 15 103 281 7 0 0 0 time=0.00
N=17 k=5 n=8 V: 1 16 120 393 19 0 0 0 time=0.00
N=18 k=5 n=8 V: 1 17 135 509 41 0 0 0 time=0.00
N=19 k=5 n=8 V: 1 18 153 630 90 0 0 0 time=0.00
N=20 k=5 n=8 V: 1 19 169 733 190 0 0 0 time=0.00
N=21 k=5 n=8 V: 1 20 189 913 260 0 0 0 time=0.00
N=22 k=5 n=8 V: 1 21 210 1091 312 1 0 0 time=0.00
N=23 k=5 n=8 V: 1 22 231 1313 666 7 0 0 time=0.00
N=24 k=5 n=8 V: 1 23 250 1430 592 8 0 0 time=0.00
N=25 k=5 n=8 V: 1 24 276 1809 1898 84 0 0 time=0.00
N=26 k=5 n=8 V: 1 25 300 2000 1371 26 0 0 time=0.00
N=27 k=5 n=8 V: 1 26 324 2284 1847 51 0 0 time=0.00
N=28 k=5 n=8 V: 1 27 349 2547 2510 47 0 0 time=0.00
N=29 k=5 n=8 V: 1 28 378 2983 3598 117 0 0 time=0.00
N=30 k=5 n=8 V: 1 29 405 3285 5236 252 0 0 time=0.01
N=31 k=5 n=8 V: 1 30 435 3748 5982 200 0 0 time=0.01
N=32 k=5 n=8 V: 1 31 463 4042 6523 175 0 0 time=0.01
N=33 k=5 n=8 V: 1 32 495 4524 7847 255 0 0 time=0.01
N=34 k=5 n=8 V: 1 33 528 5055 11563 275 0 0 time=0.02
N=35 k=5 n=8 V: 1 34 561 5711 16686 1276 0 0 time=0.02
N=36 k=5 n=8 V: 1 35 592 5945 14290 407 0 0 time=0.02
N=37 k=5 n=8 V: 1 36 630 6762 19651 794 0 0 time=0.03
N=38 k=5 n=8 V: 1 37 666 7320 24378 699 0 0 time=0.03
N=39 k=5 n=8 V: 1 38 702 7902 25063 965 0 0 time=0.04
N=40 k=5 n=8 V: 1 39 739 8589 32176 1496 0 0 time=0.05
N=41 k=5 n=8 V: 1 40 780 9461 37473 1774 0 0 time=0.06
N=42 k=5 n=8 V: 1 41 819 10088 46266 1801 0 0 time=0.07
N=43 k=5 n=8 V: 1 42 861 11042 50068 2624 0 0 time=0.08
N=44 k=5 n=8 V: 1 43 901 11653 52804 2109 0 0 time=0.09
N=45 k=5 n=8 V: 1 44 945 12695 64879 4497 0 0 time=0.11
N=46 k=5 n=8 V: 1 45 990 13639 75905 3674 0 0 time=0.13
N=47 k=5 n=8 V: 1 46 1035 14701 83629 5975 0 0 time=0.16
N=48 k=5 n=8 V: 1 47 1078 15350 88787 5102 0 0 time=0.17
N=49 k=5 n=8 V: 1 48 1128 16835 108613 10608 0 0 time=0.21
N=50 k=5 n=8 V: 1 49 1176 17868 121749 19544 0 0 time=0.25
N=51 k=5 n=8 V: 1 50 1224 18888 126522 12421 0 0 time=0.25
N=52 k=5 n=8 V: 1 51 1273 19984 136562 13035 0 0 time=0.28
N=53 k=5 n=8 V: 1 52 1326 21555 160654 20998 0 0 time=0.36
N=54 k=5 n=8 V: 1 53 1377 22649 178392 20708 0 0 time=0.43
N=55 k=5 n=8 V: 1 54 1431 24289 197771 45814 0 0 time=0.53
N=56 k=5 n=8 V: 1 55 1483 25405 211118 33467 0 0 time=0.56
N=57 k=5 n=8 V: 1 56 1539 26916 228150 43645 0 0 time=0.65
N=58 k=5 n=8 V: 1 57 1596 28559 257580 51500 0 0 time=0.78
N=59 k=5 n=8 V: 1 58 1653 30251 279662 69051 0 0 time=0.88
N=60 k=5 n=8 V: 1 59 1708 31389 289252 93323 4 0 time=0.98
N=61 k=5 n=8 V: 1 60 1770 33590 329968 99351 8 0 time=1.15
N=62 k=5 n=8 V: 1 61 1830 35240 358302 114085 10 0 time=1.30
N=63 k=5 n=8 V: 1 62 1890 37013 385633 137905 20 0 time=1.44
N=64 k=5 n=8 V: 1 63 1951 38697 405693 144163 35 0 time=1.66
N=65 k=5 n=8 V: 1 64 2016 41030 453744 258517 128 0 time=2.07
N=66 k=5 n=8 V: 1 65 2079 42673 479589 218224 142 0 time=2.23
N=67 k=5 n=8 V: 1 66 2145 45070 522438 275338 267 0 time=2.61
N=68 k=5 n=8 V: 1 67 2209 46785 540810 288776 218 0 time=2.68
N=69 k=5 n=8 V: 1 68 2277 49134 589499 363162 837 0 time=3.16
N=70 k=5 n=8 V: 1 69 2346 51630 650022 577690 1511 0 time=3.91
N=71 k=5 n=8 V: 1 70 2415 54009 688825 510109 1070 0 time=3.98
N=72 k=5 n=8 V: 1 71 2482 55806 710480 499183 1216 0 time=4.24
N=73 k=5 n=8 V: 1 72 2556 58884 784562 672507 1845 0 time=5.10
N=74 k=5 n=8 V: 1 73 2628 61296 832535 776814 1650 0 time=5.91
N=75 k=5 n=8 V: 1 74 2700 63793 880295 1055326 14883 0 time=7.04
N=76 k=5 n=8 V: 1 75 2773 66264 918485 930339 3170 0 time=7.11
N=77 k=5 n=8 V: 1 76 2850 69558 1011578 1168632 4839 0 time=8.46
N=78 k=5 n=8 V: 1 77 2925 71929 1049218 1256240 5863 0 time=9.30
N=79 k=5 n=8 V: 1 78 3003 75260 1132307 1484031 8418 0 time=10.35
N=80 k=5 n=8 V: 1 79 3079 77830 1177655 1789827 16672 0 time=12.01
N=81 k=5 n=8 V: 1 80 3159 81040 1253890 1777930 14344 0 time=12.35
N=82 k=5 n=8 V: 1 81 3240 84319 1334563 2169315 11569 0 time=14.80
N=83 k=5 n=8 V: 1 82 3321 87703 1419144 2384503 19305 0 time=15.92
N=84 k=5 n=8 V: 1 83 3400 90236 1449870 2491921 17039 0 time=17.06
N=85 k=5 n=8 V: 1 84 3486 94439 1587845 3406716 60333 0 time=21.52
N=86 k=5 n=8 V: 1 85 3570 97720 1655904 3410054 25673 0 time=22.12
N=87 k=5 n=8 V: 1 86 3654 101094 1731089 3533421 45183 0 time=23.71
N=88 k=5 n=8 V: 1 87 3739 104573 1809307 3813491 34306 0 time=26.19
N=89 k=5 n=8 V: 1 88 3828 108813 1943551 4528490 58368 0 time=30.59
N=90 k=5 n=8 V: 1 89 3915 112225 2021350 5414936 116674 0 time=35.00
N=91 k=5 n=8 V: 1 90 4005 116581 2152867 5631074 78715 0 time=37.60
