N=1 n=7 solutions=0 nodes: 1 0 0 0 0 0 0 time=0.00
N=2 n=7 solutions=0 nodes: 1 0 0 0 0 0 0 time=0.00
N=3 n=7 solutions=0 nodes: 1 2 0 0 0 0 0 time=0.00
N=4 n=7 solutions=0 nodes: 1 2 0 0 0 0 0 time=0.00
N=5 n=7 solutions=0 nodes: 1 4 0 0 0 0 0 time=0.00
N=6 n=7 solutions=0 nodes: 1 4 0 0 0 0 0 time=0.00
N=7 n=7 solutions=0 nodes: 1 6 0 0 0 0 0 time=0.00
N=8 n=7 solutions=0 nodes: 1 6 1 0 0 0 0 time=0.00
N=9 n=7 solutions=0 nodes: 1 8 12 0 0 0 0 time=0.00
N=10 n=7 solutions=0 nodes: 1 8 6 0 0 0 0 time=0.00
N=11 n=7 solutions=0 nodes: 1 10 20 0 0 0 0 time=0.00
N=12 n=7 solutions=0 nodes: 1 10 25 0 0 0 0 time=0.00
N=13 n=7 solutions=0 nodes: 1 12 36 0 0 0 0 time=0.00
N=14 n=7 solutions=0 nodes: 1 12 27 0 0 0 0 time=0.00
N=15 n=7 solutions=0 nodes: 1 14 64 0 0 0 0 time=0.00
N=16 n=7 solutions=0 nodes: 1 14 51 0 0 0 0 time=0.00
N=17 n=7 solutions=0 nodes: 1 16 80 0 0 0 0 time=0.00
N=18 n=7 solutions=0 nodes: 1 16 75 0 0 0 0 time=0.00
N=19 n=7 solutions=0 nodes: 1 18 108 0 0 0 0 time=0.00
N=20 n=7 solutions=0 nodes: 1 18 104 0 0 0 0 time=0.00
N=21 n=7 solutions=0 nodes: 1 20 144 0 0 0 0 time=0.00
N=22 n=7 solutions=0 nodes: 1 20 125 2 0 0 0 time=0.00
N=23 n=7 solutions=0 nodes: 1 22 176 9 0 0 0 time=0.00
N=24 n=7 solutions=0 nodes: 1 22 172 24 0 0 0 time=0.00
N=25 n=7 solutions=0 nodes: 1 24 220 28 0 0 0 time=0.00
N=26 n=7 solutions=0 nodes: 1 24 198 37 0 0 0 time=0.00
N=27 n=7 solutions=0 nodes: 1 26 264 243 0 0 0 time=0.00
N=28 n=7 solutions=0 nodes: 1 26 246 78 0 0 0 time=0.00
N=29 n=7 solutions=0 nodes: 1 28 308 196 0 0 0 time=0.00
N=30 n=7 solutions=0 nodes: 1 28 298 244 0 0 0 time=0.00
N=31 n=7 solutions=0 nodes: 1 30 360 357 0 0 0 time=0.00
N=32 n=7 solutions=0 nodes: 1 30 343 299 0 0 0 time=0.00
N=33 n=7 solutions=0 nodes: 1 32 420 892 0 0 0 time=0.00
N=34 n=7 solutions=0 nodes: 1 32 392 471 0 0 0 time=0.00
N=35 n=7 solutions=0 nodes: 1 34 480 726 0 0 0 time=0.00
N=36 n=7 solutions=0 nodes: 1 34 463 1083 0 0 0 time=0.00
N=37 n=7 solutions=0 nodes: 1 36 540 1242 0 0 0 time=0.00
N=38 n=7 solutions=0 nodes: 1 36 513 1004 0 0 0 time=0.00
N=39 n=7 solutions=0 nodes: 1 38 612 2187 0 0 0 time=0.00
N=40 n=7 solutions=0 nodes: 1 38 589 1363 0 0 0 time=0.00
N=41 n=7 solutions=0 nodes: 1 40 680 2251 0 0 0 time=0.00
N=42 n=7 solutions=0 nodes: 1 40 657 2069 0 0 0 time=0.00
N=43 n=7 solutions=0 nodes: 1 42 756 2904 0 0 0 time=0.00
N=44 n=7 solutions=0 nodes: 1 42 730 2694 0 0 0 time=0.00
N=45 n=7 solutions=0 nodes: 1 44 844 4254 0 0 0 time=0.00
N=46 n=7 solutions=0 nodes: 1 44 803 3008 0 0 0 time=0.00
N=47 n=7 solutions=0 nodes: 1 46 920 4549 0 0 0 time=0.00
N=48 n=7 solutions=0 nodes: 1 46 898 4554 0 0 0 time=0.00
N=49 n=7 solutions=0 nodes: 1 48 1008 5308 0 0 0 time=0.00
N=50 n=7 solutions=0 nodes: 1 48 976 4540 0 0 0 time=0.00
N=51 n=7 solutions=0 nodes: 1 50 1104 7557 0 0 0 time=0.00
N=52 n=7 solutions=0 nodes: 1 50 1068 6149 0 0 0 time=0.00
N=53 n=7 solutions=0 nodes: 1 52 1196 7983 0 0 0 time=0.00
N=54 n=7 solutions=0 nodes: 1 52 1164 7395 0 0 0 time=0.00
N=55 n=7 solutions=0 nodes: 1 54 1300 9495 0 0 0 time=0.00
N=56 n=7 solutions=0 nodes: 1 54 1261 8023 0 0 0 time=0.00
N=57 n=7 solutions=0 nodes: 1 56 1404 12047 0 0 0 time=0.00
N=58 n=7 solutions=0 nodes: 1 56 1358 9358 0 0 0 time=0.00
N=59 n=7 solutions=0 nodes: 1 58 1508 12768 0 0 0 time=0.00
N=60 n=7 solutions=0 nodes: 1 58 1481 12620 2 0 0 time=0.00
N=61 n=7 solutions=0 nodes: 1 60 1620 14701 6 0 0 time=0.00
N=62 n=7 solutions=0 nodes: 1 60 1575 12641 9 0 0 time=0.00
N=63 n=7 solutions=0 nodes: 1 62 1740 17487 7 0 0 time=0.00
N=64 n=7 solutions=0 nodes: 1 62 1695 15074 29 0 0 time=0.00
N=65 n=7 solutions=0 nodes: 1 64 1860 19343 58 0 0 time=0.00
N=66 n=7 solutions=0 nodes: 1 64 1815 17791 126 0 0 time=0.00
N=67 n=7 solutions=0 nodes: 1 66 1980 21624 130 0 0 time=0.00
N=68 n=7 solutions=0 nodes: 1 66 1936 19891 150 0 0 time=0.00
N=69 n=7 solutions=0 nodes: 1 68 2112 25688 669 0 0 time=0.00
N=70 n=7 solutions=0 nodes: 1 68 2061 21009 229 0 0 time=0.00
N=71 n=7 solutions=0 nodes: 1 70 2240 27258 573 0 0 time=0.00
N=72 n=7 solutions=0 nodes: 1 70 2200 25786 1563 0 0 time=0.00
N=73 n=7 solutions=0 nodes: 1 72 2376 30403 1010 0 0 time=0.00
N=74 n=7 solutions=0 nodes: 1 72 2322 26887 881 0 0 time=0.00
N=75 n=7 solutions=0 nodes: 1 74 2524 35610 2754 0 0 time=0.00
N=76 n=7 solutions=0 nodes: 1 74 2466 31206 1359 0 0 time=0.00
N=77 n=7 solutions=0 nodes: 1 76 2660 36913 2303 0 0 time=0.00
N=78 n=7 solutions=0 nodes: 1 76 2610 34935 3772 0 0 time=0.00
N=79 n=7 solutions=0 nodes: 1 78 2808 41253 3787 0 0 time=0.00
N=80 n=7 solutions=0 nodes: 1 78 2759 37898 3173 0 0 time=0.00
N=81 n=7 solutions=0 nodes: 1 80 2964 46736 16920 0 0 time=0.00
N=82 n=7 solutions=0 nodes: 1 80 2900 40688 4864 0 0 time=0.00
N=83 n=7 solutions=0 nodes: 1 82 3116 49745 8026 0 0 time=0.00
N=84 n=7 solutions=0 nodes: 1 82 3067 47382 10021 0 0 time=0.00
N=85 n=7 solutions=0 nodes: 1 84 3280 54921 10195 0 0 time=0.00
N=86 n=7 solutions=0 nodes: 1 84 3213 49072 9495 0 0 time=0.00
N=87 n=7 solutions=0 nodes: 1 86 3444 61076 26861 0 0 time=0.00
N=88 n=7 solutions=0 nodes: 1 86 3381 54563 13419 0 0 time=0.00
N=89 n=7 solutions=0 nodes: 1 88 3608 64527 20849 0 0 time=0.00
N=90 n=7 solutions=0 nodes: 1 88 3553 60481 29328 0 0 time=0.00
N=91 n=7 solutions=0 nodes: 1 90 3780 69593 24959 0 0 time=0.00
N=92 n=7 solutions=0 nodes: 1 90 3718 65272 22271 0 0 time=0.00
N=93 n=7 solutions=0 nodes: 1 92 3960 77735 56341 0 0 time=0.00
N=94 n=7 solutions=0 nodes: 1 92 3887 69124 29030 0 0 time=0.00
N=95 n=7 solutions=0 nodes: 1 94 4140 82637 40907 0 0 time=0.00
N=96 n=7 solutions=0 nodes: 1 94 4078 78105 52338 0 0 time=0.00
N=97 n=7 solutions=0 nodes: 1 96 4320 88393 56714 0 0 time=0.00
N=98 n=7 solutions=0 nodes: 1 96 4248 80446 44254 0 0 time=0.00
N=99 n=7 solutions=0 nodes: 1 98 4512 96696 123394 0 0 time=0.01
N=100 n=7 solutions=0 nodes: 1 98 4444 89410 55896 0 0 time=0.00
N=101 n=7 solutions=0 nodes: 1 100 4700 102252 87470 0 0 time=0.01
N=102 n=7 solutions=0 nodes: 1 100 4632 96453 95285 0 0 time=0.01
N=103 n=7 solutions=0 nodes: 1 102 4896 109690 106842 0 0 time=0.01
N=104 n=7 solutions=0 nodes: 1 102 4825 102319 86578 0 0 time=0.01
N=105 n=7 solutions=0 nodes: 1 104 5104 120004 156591 0 0 time=0.01
N=106 n=7 solutions=0 nodes: 1 104 5018 108379 106166 0 0 time=0.01
N=107 n=7 solutions=0 nodes: 1 106 5300 125625 154947 0 0 time=0.01
N=108 n=7 solutions=0 nodes: 1 106 5233 120049 185563 0 0 time=0.01
N=109 n=7 solutions=0 nodes: 1 108 5508 134137 184613 0 0 time=0.01
N=110 n=7 solutions=0 nodes: 1 108 5431 124430 154910 0 0 time=0.01
N=111 n=7 solutions=0 nodes: 1 110 5724 145325 289838 0 0 time=0.01
N=112 n=7 solutions=0 nodes: 1 110 5643 133641 174086 0 0 time=0.01
N=113 n=7 solutions=0 nodes: 1 112 5936 152294 257077 0 0 time=0.01
N=114 n=7 solutions=0 nodes: 1 112 5859 144287 261960 0 0 time=0.01
N=115 n=7 solutions=0 nodes: 1 114 6160 162887 283115 0 0 time=0.01
N=116 n=7 solutions=0 nodes: 1 114 6076 152682 255576 0 0 time=0.01
N=117 n=7 solutions=0 nodes: 1 116 6384 173996 468806 0 0 time=0.02
N=118 n=7 solutions=0 nodes: 1 116 6293 160179 289531 0 0 time=0.01
N=119 n=7 solutions=0 nodes: 1 118 6608 182134 384604 0 0 time=0.02
N=120 n=7 solutions=0 nodes: 1 118 6536 175163 399112 0 0 time=0.02
N=121 n=7 solutions=0 nodes: 1 120 6840 193120 484008 0 0 time=0.02
N=122 n=7 solutions=0 nodes: 1 120 6750 180532 386483 0 0 time=0.02
N=123 n=7 solutions=0 nodes: 1 122 7080 207222 658178 0 0 time=0.03
N=124 n=7 solutions=0 nodes: 1 122 6990 193567 459140 0 0 time=0.02
N=125 n=7 solutions=0 nodes: 1 124 7320 217420 580735 0 0 time=0.03
N=126 n=7 solutions=0 nodes: 1 124 7230 204889 595115 0 0 time=0.03
N=127 n=7 solutions=0 nodes: 1 126 7560 228550 690085 0 0 time=0.03
N=128 n=7 solutions=0 nodes: 1 126 7471 216017 584081 0 0 time=0.03
N=129 n=7 solutions=0 nodes: 1 128 7812 243869 940420 0 0 time=0.04
N=130 n=7 solutions=0 nodes: 1 128 7716 226806 645199 0 0 time=0.03
N=131 n=7 solutions=0 nodes: 1 130 8060 254234 880964 0 0 time=0.03
N=132 n=7 solutions=0 nodes: 1 130 7975 244062 924165 0 0 time=0.04
N=133 n=7 solutions=0 nodes: 1 132 8316 267469 953688 0 0 time=0.04
N=134 n=7 solutions=0 nodes: 1 132 8217 251748 831499 0 0 time=0.03
N=135 n=7 solutions=0 nodes: 1 134 8584 285313 1292022 0 0 time=0.05
N=136 n=7 solutions=0 nodes: 1 134 8481 267265 940499 0 0 time=0.04
N=137 n=7 solutions=0 nodes: 1 136 8840 296244 1238929 0 0 time=0.04
N=138 n=7 solutions=0 nodes: 1 136 8745 282735 1186081 0 0 time=0.04
N=139 n=7 solutions=0 nodes: 1 138 9108 311209 1379674 0 0 time=0.05
N=140 n=7 solutions=0 nodes: 1 138 9014 296339 1154535 0 0 time=0.04
N=141 n=7 solutions=0 nodes: 1 140 9384 329644 1772899 0 0 time=0.06
N=142 n=7 solutions=0 nodes: 1 140 9275 308329 1295307 0 0 time=0.04
N=143 n=7 solutions=0 nodes: 1 142 9656 342207 1753596 0 0 time=0.06
N=144 n=7 solutions=0 nodes: 1 142 9562 328938 1685353 0 0 time=0.06
N=145 n=7 solutions=0 nodes: 1 144 9940 360348 1825747 0 0 time=0.06
N=146 n=7 solutions=0 nodes: 1 144 9828 339543 1590406 0 0 time=0.06
N=147 n=7 solutions=0 nodes: 1 146 10224 378910 2293003 0 0 time=0.08
N=148 n=7 solutions=0 nodes: 1 146 10116 358641 1820410 0 0 time=0.06
N=149 n=7 solutions=0 nodes: 1 148 10508 393608 2273012 0 0 time=0.08
N=150 n=7 solutions=0 nodes: 1 148 10408 377594 2118405 0 0 time=0.07
N=151 n=7 solutions=0 nodes: 1 150 10800 411659 2494380 0 0 time=0.08
N=152 n=7 solutions=0 nodes: 1 150 10693 392649 2148760 0 0 time=0.07
N=153 n=7 solutions=0 nodes: 1 152 11100 433147 3091665 0 0 time=0.11
N=154 n=7 solutions=0 nodes: 1 152 10982 407364 2326477 0 0 time=0.08
N=155 n=7 solutions=0 nodes: 1 154 11400 450744 2927381 0 0 time=0.10
N=156 n=7 solutions=0 nodes: 1 154 11293 433199 2959854 0 0 time=0.10
N=157 n=7 solutions=0 nodes: 1 156 11700 469094 3255606 0 0 time=0.11
N=158 n=7 solutions=0 nodes: 1 156 11583 445643 2786541 0 0 time=0.11
N=159 n=7 solutions=0 nodes: 1 158 12012 492741 3942779 0 0 time=0.13
N=160 n=7 solutions=0 nodes: 1 158 11899 468708 3049928 0 0 time=0.10
N=161 n=7 solutions=0 nodes: 1 160 12320 509955 3764081 0 0 time=0.13
N=162 n=7 solutions=0 nodes: 1 160 12207 489338 3626726 0 0 time=0.12
N=163 n=7 solutions=0 nodes: 1 162 12636 531626 4179617 0 0 time=0.14
N=164 n=7 solutions=0 nodes: 1 162 12520 509156 3714235 0 0 time=0.12
N=165 n=7 solutions=0 nodes: 1 164 12964 558199 4992786 0 0 time=0.17
N=166 n=7 solutions=0 nodes: 1 164 12833 527400 3897395 0 0 time=0.13
N=167 n=7 solutions=0 nodes: 1 166 13280 576251 4896361 0 0 time=0.15
N=168 n=7 solutions=0 nodes: 1 166 13168 555821 4600840 2 0 time=0.17
N=169 n=7 solutions=0 nodes: 1 168 13608 599276 5329668 1 0 time=0.20
N=170 n=7 solutions=0 nodes: 1 168 13486 572868 4518612 1 0 time=0.17
N=171 n=7 solutions=0 nodes: 1 170 13944 626647 6236990 7 0 time=0.22
N=172 n=7 solutions=0 nodes: 1 170 13818 598090 5086681 9 0 time=0.19
N=173 n=7 solutions=0 nodes: 1 172 14276 647755 6139657 8 0 time=0.23
N=174 n=7 solutions=0 nodes: 1 172 14154 623310 5720996 27 0 time=0.21
N=175 n=7 solutions=0 nodes: 1 174 14620 674149 6412967 38 0 time=0.23
N=176 n=7 solutions=0 nodes: 1 174 14491 645421 5885592 60 0 time=0.21
N=177 n=7 solutions=0 nodes: 1 176 14964 702346 7691311 64 0 time=0.27
N=178 n=7 solutions=0 nodes: 1 176 14828 667850 6154330 94 0 time=0.21
N=179 n=7 solutions=0 nodes: 1 178 15308 724930 7605389 162 0 time=0.27
N=180 n=7 solutions=0 nodes: 1 178 15191 702052 7308606 370 0 time=0.26
N=181 n=7 solutions=0 nodes: 1 180 15660 751953 8148040 216 0 time=0.29
N=182 n=7 solutions=0 nodes: 1 180 15525 718983 7052964 251 0 time=0.25
N=183 n=7 solutions=0 nodes: 1 182 16020 783558 9397252 1094 0 time=0.31
N=184 n=7 solutions=0 nodes: 1 182 15885 749711 7693602 429 0 time=0.26
N=185 n=7 solutions=0 nodes: 1 184 16380 809655 9249405 619 0 time=0.29
N=186 n=7 solutions=0 nodes: 1 184 16245 779208 8666446 1619 0 time=0.30
N=187 n=7 solutions=0 nodes: 1 186 16740 836702 10031678 944 0 time=0.33
N=188 n=7 solutions=0 nodes: 1 186 16606 805870 8937935 821 0 time=0.30
N=189 n=7 solutions=0 nodes: 1 188 17112 870251 11197354 1974 0 time=0.43
N=190 n=7 solutions=0 nodes: 1 188 16971 832558 9211946 1323 0 time=0.30
N=191 n=7 solutions=0 nodes: 1 190 17480 897160 11306625 2406 0 time=0.35
N=192 n=7 solutions=0 nodes: 1 190 17350 868886 10734819 5303 0 time=0.34
N=193 n=7 solutions=0 nodes: 1 192 17856 928275 12034596 3369 0 time=0.38
N=194 n=7 solutions=0 nodes: 1 192 17712 891059 10548615 2778 0 time=0.34
N=195 n=7 solutions=0 nodes: 1 194 18244 965688 13681628 11219 0 time=0.42
N=196 n=7 solutions=0 nodes: 1 194 18096 925264 11416103 3580 0 time=0.37
N=197 n=7 solutions=0 nodes: 1 196 18620 992645 13595292 6781 0 time=0.44
N=198 n=7 solutions=0 nodes: 1 196 18480 958463 12704859 20871 0 time=0.41
N=199 n=7 solutions=0 nodes: 1 198 19008 1025915 14430149 9535 0 time=0.44
N=200 n=7 solutions=0 nodes: 1 198 18869 990983 12775856 7420 0 time=0.42
N=201 n=7 solutions=0 nodes: 1 200 19404 1064245 16245074 28314 0 time=0.53
N=202 n=7 solutions=0 nodes: 1 200 19250 1019220 13474995 10333 0 time=0.49
N=203 n=7 solutions=0 nodes: 1 202 19796 1094419 16004265 16487 0 time=0.55
N=204 n=7 solutions=0 nodes: 1 202 19657 1062207 15513053 31969 0 time=0.50
N=205 n=7 solutions=0 nodes: 1 204 20200 1132033 17100045 21139 0 time=0.61
N=206 n=7 solutions=0 nodes: 1 204 20043 1087664 15148631 18745 0 time=0.51
N=207 n=7 solutions=0 nodes: 1 206 20604 1170621 19158588 124719 0 time=0.60
N=208 n=7 solutions=0 nodes: 1 206 20451 1126261 16377606 25257 0 time=0.50
N=209 n=7 solutions=0 nodes: 1 208 21008 1203160 19276901 38123 0 time=0.61
N=210 n=7 solutions=0 nodes: 1 208 20863 1165824 17652632 57077 0 time=0.58
N=211 n=7 solutions=0 nodes: 1 210 21420 1241235 20272530 52342 0 time=0.66
N=212 n=7 solutions=0 nodes: 1 210 21268 1199999 18373273 40963 0 time=0.61
N=213 n=7 solutions=0 nodes: 1 212 21840 1284407 22539118 146359 0 time=0.72
N=214 n=7 solutions=0 nodes: 1 212 21677 1233596 18960494 52535 0 time=0.63
N=215 n=7 solutions=0 nodes: 1 214 22260 1321154 22504864 77267 0 time=0.74
N=216 n=7 solutions=0 nodes: 1 214 22108 1281079 21262242 289066 0 time=0.73
N=217 n=7 solutions=0 nodes: 1 216 22680 1359097 23527160 99518 0 time=0.87
N=218 n=7 solutions=0 nodes: 1 216 22518 1311214 21116800 84780 0 time=0.75
N=219 n=7 solutions=0 nodes: 1 218 23112 1405047 26297488 279562 0 time=0.87
N=220 n=7 solutions=0 nodes: 1 218 22954 1356730 22755127 94037 0 time=0.75
N=221 n=7 solutions=0 nodes: 1 220 23540 1441820 26494336 155278 0 time=0.93
N=222 n=7 solutions=0 nodes: 1 220 23382 1398207 24515197 251579 0 time=0.92
N=223 n=7 solutions=0 nodes: 1 222 23976 1484712 27726030 201558 0 time=0.98
N=224 n=7 solutions=0 nodes: 1 222 23815 1436954 24870339 157766 0 time=0.89
N=225 n=7 solutions=0 nodes: 1 224 24424 1534659 30444375 652418 0 time=1.10
N=226 n=7 solutions=0 nodes: 1 224 24248 1476071 25978382 196377 0 time=1.01
N=227 n=7 solutions=0 nodes: 1 226 24860 1572427 30614530 297852 0 time=1.12
N=228 n=7 solutions=0 nodes: 1 226 24703 1529732 29137799 426636 0 time=1.06
N=229 n=7 solutions=0 nodes: 1 228 25308 1617549 32140526 358433 0 time=1.18
N=230 n=7 solutions=0 nodes: 1 228 25141 1565245 28595282 288947 0 time=1.06
N=231 n=7 solutions=0 nodes: 1 230 25764 1668003 34984547 763633 0 time=1.21
N=232 n=7 solutions=0 nodes: 1 230 25593 1612514 30474860 395095 0 time=1.09
N=233 n=7 solutions=0 nodes: 1 232 26216 1710366 35362560 516710 0 time=1.20
N=234 n=7 solutions=0 nodes: 1 232 26049 1660109 32984070 988227 0 time=1.19
N=235 n=7 solutions=0 nodes: 1 234 26680 1760257 37021537 573120 0 time=1.29
N=236 n=7 solutions=0 nodes: 1 234 26506 1705369 33846140 482388 0 time=1.18
N=237 n=7 solutions=0 nodes: 1 236 27144 1811797 40425938 1344789 0 time=1.48
N=238 n=7 solutions=0 nodes: 1 236 26963 1747803 34631398 547967 0 time=1.29
N=239 n=7 solutions=0 nodes: 1 238 27608 1856136 40640575 860097 0 time=1.48
N=240 n=7 solutions=0 nodes: 1 238 27446 1808938 38404632 1171247 0 time=1.40
N=241 n=7 solutions=0 nodes: 1 240 28080 1906504 42524619 1009271 0 time=1.52
N=242 n=7 solutions=0 nodes: 1 240 27900 1845769 38253558 808237 0 time=1.39
N=243 n=7 solutions=0 nodes: 1 242 28560 1962787 46097494 3847885 0 time=1.81
N=244 n=7 solutions=0 nodes: 1 242 28380 1900934 40708904 939193 0 time=1.52
N=245 n=7 solutions=0 nodes: 1 244 29040 2011992 46120291 1242491 0 time=1.67
N=246 n=7 solutions=0 nodes: 1 244 28860 1954244 43330142 1887846 0 time=1.68
N=247 n=7 solutions=0 nodes: 1 246 29520 2062813 48714290 1533784 0 time=1.85
N=248 n=7 solutions=0 nodes: 1 246 29341 2003774 44164232 1392725 0 time=1.61
N=249 n=7 solutions=0 nodes: 1 248 30012 2122481 52586565 3263670 0 time=2.10
N=250 n=7 solutions=0 nodes: 1 248 29826 2054240 45559125 1523888 0 time=1.77
N=251 n=7 solutions=0 nodes: 1 250 30500 2172036 52941286 2159061 0 time=2.13
N=252 n=7 solutions=0 nodes: 1 250 30325 2116781 49965001 3350101 0 time=2.00
N=253 n=7 solutions=0 nodes: 1 252 30996 2227704 55297137 2519605 0 time=2.22
N=254 n=7 solutions=0 nodes: 1 252 30807 2160820 49826387 2025653 0 time=1.96
N=255 n=7 solutions=0 nodes: 1 254 31504 2292448 59766231 4460814 0 time=2.46
N=256 n=7 solutions=0 nodes: 1 254 31311 2220974 52638662 2344079 0 time=2.05
N=257 n=7 solutions=0 nodes: 1 256 32000 2342596 60042929 3280184 0 time=2.40
N=258 n=7 solutions=0 nodes: 1 256 31815 2280457 56042024 4250604 0 time=2.28
N=259 n=7 solutions=0 nodes: 1 258 32508 2401123 62169367 3585400 0 time=2.43
N=260 n=7 solutions=0 nodes: 1 258 32324 2337616 57556084 2883717 0 time=2.28
N=261 n=7 solutions=0 nodes: 1 260 33024 2466539 67142800 9455001 0 time=2.86
N=262 n=7 solutions=0 nodes: 1 260 32825 2389361 58956783 3499274 0 time=2.35
N=263 n=7 solutions=0 nodes: 1 262 33536 2521853 67834815 4878017 0 time=2.86
N=264 n=7 solutions=0 nodes: 1 262 33352 2460523 64086326 6385932 0 time=2.58
N=265 n=7 solutions=0 nodes: 1 264 34060 2586068 70607562 5232586 0 time=3.01
N=266 n=7 solutions=0 nodes: 1 264 33858 2508912 63718823 4263254 0 time=2.74
N=267 n=7 solutions=0 nodes: 1 266 34584 2652104 75728453 10228807 0 time=3.19
N=268 n=7 solutions=0 nodes: 1 266 34386 2576128 67645754 5051551 0 time=2.70
N=269 n=7 solutions=0 nodes: 1 268 35108 2710020 76358865 7073897 0 time=3.30
N=270 n=7 solutions=0 nodes: 1 268 34918 2642731 71274828 10943495 0 time=3.15
N=271 n=7 solutions=0 nodes: 1 270 35640 2774761 79371317 7992007 0 time=3.27
N=272 n=7 solutions=0 nodes: 1 270 35443 2701661 72978725 6420587 0 time=3.13
N=273 n=7 solutions=0 nodes: 1 272 36180 2845984 84626290 13208200 0 time=3.74
N=274 n=7 solutions=0 nodes: 1 272 35972 2761507 74939741 7350795 0 time=3.17
N=275 n=7 solutions=0 nodes: 1 274 36720 2909682 85737341 9797355 0 time=3.70
N=276 n=7 solutions=0 nodes: 1 274 36523 2839930 81327235 12114535 0 time=3.61
N=277 n=7 solutions=0 nodes: 1 276 37260 2975146 88941708 11290746 0 time=3.87
N=278 n=7 solutions=0 nodes: 1 276 37053 2893635 80928376 9251310 0 time=3.58
N=279 n=7 solutions=0 nodes: 1 278 37812 3049846 94712992 23884785 0 time=4.44
N=280 n=7 solutions=0 nodes: 1 278 37609 2968117 84423241 9981319 0 time=3.77
N=281 n=7 solutions=0 nodes: 1 280 38360 3113955 95785316 14091742 0 time=4.46
N=282 n=7 solutions=0 nodes: 1 280 38157 3037913 89665462 16756052 0 time=4.44
N=283 n=7 solutions=0 nodes: 1 282 38916 3184948 99351069 15710368 0 time=4.64
N=284 n=7 solutions=0 nodes: 1 282 38710 3105123 91867058 12801291 0 time=4.10
N=285 n=7 solutions=0 nodes: 1 284 39484 3265704 106032955 24304990 0 time=4.97
N=286 n=7 solutions=0 nodes: 1 284 39263 3169883 94173762 14440600 0 time=4.16
N=287 n=7 solutions=0 nodes: 1 286 40040 3329905 106292213 18697021 0 time=4.88
N=288 n=7 solutions=0 nodes: 1 286 39838 3254775 100948875 25657824 0 time=4.79
N=289 n=7 solutions=0 nodes: 1 288 40608 3404288 110760849 21193992 0 time=5.06
N=290 n=7 solutions=0 nodes: 1 288 40396 3317580 100931533 18064550 0 time=4.52
N=291 n=7 solutions=0 nodes: 1 290 41184 3486053 117548250 35094119 0 time=5.60
N=292 n=7 solutions=0 nodes: 1 290 40968 3394817 106171289 19500888 0 time=4.75
N=293 n=7 solutions=0 nodes: 1 292 41756 3556127 118691917 26278064 0 time=5.69
N=294 n=7 solutions=0 nodes: 1 292 41544 3472092 110924008 29062565 0 time=5.26
N=295 n=7 solutions=0 nodes: 1 294 42340 3636467 122975348 27709681 0 time=5.78
N=296 n=7 solutions=0 nodes: 1 294 42121 3545873 113393915 23957981 0 time=5.24
N=297 n=7 solutions=0 nodes: 1 296 42924 3718309 130043222 56961217 0 time=7.16
N=298 n=7 solutions=0 nodes: 1 296 42698 3617742 116435490 26438427 0 time=5.73
N=299 n=7 solutions=0 nodes: 1 298 43508 3791900 131713751 34500441 0 time=6.84
N=300 n=7 solutions=0 nodes: 1 298 43301 3712510 125083574 38776652 0 time=6.68
N=301 n=7 solutions=0 nodes: 1 300 44100 3872757 135554066 37378330 0 time=7.08
N=302 n=7 solutions=0 nodes: 1 300 43875 3775705 124747453 31944657 0 time=6.57
N=303 n=7 solutions=0 nodes: 1 302 44700 3961680 144000310 60134789 0 time=8.14
N=304 n=7 solutions=0 nodes: 1 302 44475 3861761 130372163 34455506 0 time=6.65
N=305 n=7 solutions=0 nodes: 1 304 45300 4041175 145605649 44465130 0 time=7.66
N=306 n=7 solutions=0 nodes: 1 304 45075 3946425 136572553 56404787 0 time=7.61
N=307 n=7 solutions=0 nodes: 1 306 45900 4122628 150338281 50771817 0 time=8.00
N=308 n=7 solutions=0 nodes: 1 306 45676 4026386 139351465 41893513 0 time=7.35
N=309 n=7 solutions=0 nodes: 1 308 46512 4214912 158786715 77398802 0 time=9.36
N=310 n=7 solutions=0 nodes: 1 308 46281 4107925 142584436 46642104 0 time=7.74
N=311 n=7 solutions=0 nodes: 1 310 47120 4294862 160439623 60587659 0 time=9.00
N=312 n=7 solutions=0 nodes: 1 310 46900 4204699 152071151 66246195 0 time=8.70
N=313 n=7 solutions=0 nodes: 1 312 47736 4382747 165676313 66015437 0 time=9.53
N=314 n=7 solutions=0 nodes: 1 312 47502 4277031 152373260 54927690 0 time=8.56
N=315 n=7 solutions=0 nodes: 1 314 48364 4481001 174166940 99430061 0 time=11.09
N=316 n=7 solutions=0 nodes: 1 314 48126 4370827 159218999 59816194 0 time=9.04
N=317 n=7 solutions=0 nodes: 1 316 48980 4562097 176532380 78211479 0 time=10.44
N=318 n=7 solutions=0 nodes: 1 316 48750 4462593 165997297 85447048 0 time=10.24
