SOLUTION N=474 {302,409,447,459,465,466,474}
N=474 n=7 solutions=1 nodes: 1 209 21758 1429962 52037358 243523620 1 time=9.25
SOLUTION N=475 {307,414,452,466,469,473,475}
N=475 n=7 solutions=1 nodes: 1 209 21759 1438247 53220415 249767054 1 time=9.47
N=476 n=7 solutions=0 nodes: 1 210 21967 1450575 52955825 240717606 0 time=9.22
SOLUTION N=477 {308,417,455,469,474,476,477}
SOLUTION N=477 {309,416,454,468,471,473,477}
N=477 n=7 solutions=2 nodes: 1 210 21968 1459643 54552310 274975444 2 time=10.55
N=478 n=7 solutions=0 nodes: 1 211 22176 1471272 53955345 249498301 0 time=9.90
N=479 n=7 solutions=0 nodes: 1 211 22177 1480275 55432005 270551905 0 time=10.47
SOLUTION N=480 {305,415,453,462,468,472,480}
SOLUTION N=480 {305,415,453,462,470,474,480}
N=480 n=7 solutions=2 nodes: 1 211 22179 1473296 54513629 266642672 2 time=10.50
SOLUTION N=481 {310,420,458,465,475,479,481}
SOLUTION N=481 {310,420,458,472,475,479,481}
SOLUTION N=481 {310,421,459,473,478,480,481}
N=481 n=7 solutions=3 nodes: 1 212 22388 1501746 56586488 280947921 3 time=10.70
N=482 n=7 solutions=0 nodes: 1 212 22389 1493606 55268491 263892886 0 time=10.22
SOLUTION N=483 {302,412,433,447,459,475,483}
SOLUTION N=483 {311,421,459,474,476,480,483}
SOLUTION N=483 {311,421,459,474,478,480,483}
SOLUTION N=483 {312,422,460,474,477,479,483}
N=483 n=7 solutions=4 nodes: 1 213 22601 1524116 58027054 303943358 4 time=11.30
N=484 n=7 solutions=0 nodes: 1 213 22600 1515121 56480630 274698390 0 time=10.64
SOLUTION N=485 {313,423,461,477,478,480,485}
SOLUTION N=485 {314,424,462,469,479,483,485}
N=485 n=7 solutions=2 nodes: 1 214 22814 1545688 59001443 300813832 2 time=11.53
SOLUTION N=486 {308,421,459,471,477,478,486}
SOLUTION N=486 {310,419,462,465,471,476,486}
SOLUTION N=486 {314,421,459,471,477,478,486}
SOLUTION N=486 {318,425,463,477,480,482,486}
SOLUTION N=486 {318,425,463,477,480,484,486}
N=486 n=7 solutions=5 nodes: 1 214 22815 1537885 57891606 298501219 5 time=11.36
SOLUTION N=487 {302,412,437,445,461,473,487}
SOLUTION N=487 {310,365,441,455,475,483,487}
SOLUTION N=487 {310,420,441,455,475,483,487}
SOLUTION N=487 {313,425,463,478,480,484,487}
SOLUTION N=487 {313,426,464,478,481,485,487}
SOLUTION N=487 {313,427,465,479,484,486,487}
SOLUTION N=487 {314,423,463,476,479,486,487}
SOLUTION N=487 {314,425,463,479,480,482,487}
SOLUTION N=487 {314,426,464,478,481,483,487}
SOLUTION N=487 {315,425,463,479,480,482,487}
N=487 n=7 solutions=10 nodes: 1 215 23027 1567471 60169321 313076934 10 time=12.06
SOLUTION N=488 {309,423,454,466,473,487,488}
SOLUTION N=488 {309,423,461,470,476,480,488}
SOLUTION N=488 {309,423,461,470,478,482,488}
SOLUTION N=488 {309,423,461,473,479,480,488}
SOLUTION N=488 {311,421,459,472,474,478,488}
SOLUTION N=488 {317,427,465,472,482,486,488}
N=488 n=7 solutions=6 nodes: 1 215 23027 1558958 58823469 294490014 6 time=11.38
SOLUTION N=489 {313,422,465,468,474,479,489}
SOLUTION N=489 {314,424,443,471,477,481,489}
SOLUTION N=489 {314,424,462,471,477,481,489}
SOLUTION N=489 {314,424,462,471,479,483,489}
SOLUTION N=489 {314,428,466,473,483,487,489}
SOLUTION N=489 {314,428,466,480,483,487,489}
SOLUTION N=489 {315,427,465,481,482,484,489}
SOLUTION N=489 {315,428,466,480,483,485,489}
SOLUTION N=489 {316,427,465,481,482,484,489}
SOLUTION N=489 {316,427,467,474,486,488,489}
SOLUTION N=489 {316,427,467,481,486,488,489}
SOLUTION N=489 {317,426,466,480,483,485,489}
SOLUTION N=489 {317,427,465,480,482,486,489}
SOLUTION N=489 {317,427,465,480,484,486,489}
SOLUTION N=489 {321,428,466,480,483,485,489}
SOLUTION N=489 {321,428,466,480,483,487,489}
N=489 n=7 solutions=16 nodes: 1 216 23243 1590480 61693755 340527920 16 time=12.55
SOLUTION N=490 {309,419,447,461,466,474,490}
SOLUTION N=490 {309,419,447,461,466,482,490}
SOLUTION N=490 {314,421,463,471,472,478,490}
SOLUTION N=490 {314,421,467,469,473,476,490}
SOLUTION N=490 {314,421,467,471,473,476,490}
SOLUTION N=490 {316,426,467,481,487,488,490}
N=490 n=7 solutions=6 nodes: 1 216 23244 1581574 59982667 303299323 6 time=11.67
SOLUTION N=491 {305,416,447,466,468,475,491}
SOLUTION N=491 {310,369,445,459,479,487,491}
SOLUTION N=491 {310,419,449,464,465,482,491}
SOLUTION N=491 {315,429,467,482,484,488,491}
SOLUTION N=491 {315,429,467,482,486,488,491}
SOLUTION N=491 {315,431,469,483,488,490,491}
SOLUTION N=491 {316,429,467,483,484,486,491}
SOLUTION N=491 {316,430,468,482,485,487,491}
SOLUTION N=491 {317,428,467,483,484,486,491}
SOLUTION N=491 {317,429,467,483,484,486,491}
SOLUTION N=491 {320,375,468,475,485,489,491}
SOLUTION N=491 {320,430,468,475,485,489,491}
SOLUTION N=491 {322,431,469,483,488,490,491}
SOLUTION N=491 {323,430,468,482,485,487,491}
N=491 n=7 solutions=14 nodes: 1 216 23243 1590342 61531676 329663441 14 time=12.23
SOLUTION N=492 {309,429,431,457,470,489,492}
SOLUTION N=492 {311,427,465,474,480,484,492}
SOLUTION N=492 {313,425,463,476,478,482,492}
SOLUTION N=492 {313,425,465,474,481,489,492}
SOLUTION N=492 {313,425,468,471,477,482,492}
SOLUTION N=492 {314,424,465,471,474,479,492}
SOLUTION N=492 {314,424,465,471,479,483,492}
SOLUTION N=492 {314,424,465,477,479,483,492}
SOLUTION N=492 {314,424,465,477,481,483,492}
SOLUTION N=492 {314,424,467,469,473,485,492}
SOLUTION N=492 {314,424,467,471,473,485,492}
SOLUTION N=492 {314,424,467,471,479,485,492}
SOLUTION N=492 {316,423,469,471,475,478,492}
SOLUTION N=492 {316,423,469,473,475,478,492}
SOLUTION N=492 {316,425,468,471,477,482,492}
SOLUTION N=492 {320,427,465,477,483,484,492}
SOLUTION N=492 {321,431,469,476,486,490,492}
SOLUTION N=492 {321,431,469,483,486,488,492}
SOLUTION N=492 {321,431,469,483,486,490,492}
SOLUTION N=492 {324,431,469,483,486,488,492}
SOLUTION N=492 {324,431,469,483,486,490,492}
N=492 n=7 solutions=21 nodes: 1 217 23459 1604518 61587992 332813491 21 time=12.40
SOLUTION N=493 {310,371,447,461,481,489,493}
SOLUTION N=493 {310,415,432,465,470,489,493}
SOLUTION N=493 {310,424,445,455,475,487,493}
SOLUTION N=493 {310,424,445,465,475,487,493}
SOLUTION N=493 {310,424,455,466,475,487,493}
SOLUTION N=493 {312,422,451,469,478,485,493}
SOLUTION N=493 {313,427,455,469,484,490,493}
SOLUTION N=493 {314,424,447,461,481,489,493}
SOLUTION N=493 {316,432,470,477,487,491,493}
SOLUTION N=493 {316,432,470,484,487,491,493}
SOLUTION N=493 {316,433,471,485,490,492,493}
SOLUTION N=493 {317,429,469,482,485,492,493}
SOLUTION N=493 {317,431,469,485,486,488,493}
SOLUTION N=493 {317,432,470,484,487,489,493}
SOLUTION N=493 {318,430,469,485,486,488,493}
SOLUTION N=493 {318,431,469,485,486,488,493}
SOLUTION N=493 {318,431,471,485,490,492,493}
SOLUTION N=493 {318,432,470,477,487,491,493}
SOLUTION N=493 {319,429,470,484,487,491,493}
SOLUTION N=493 {319,430,469,485,486,488,493}
SOLUTION N=493 {319,431,469,484,486,490,493}
SOLUTION N=493 {321,428,466,478,484,485,493}
SOLUTION N=493 {324,433,471,485,490,492,493}
SOLUTION N=493 {325,432,470,484,487,491,493}
N=493 n=7 solutions=24 nodes: 1 217 23459 1612887 62789692 341315056 24 time=12.33
SOLUTION N=494 {302,419,433,445,461,469,494}
SOLUTION N=494 {302,423,431,447,459,473,494}
SOLUTION N=494 {310,425,459,471,481,486,494}
SOLUTION N=494 {310,425,462,465,471,490,494}
SOLUTION N=494 {316,425,470,471,478,481,494}
SOLUTION N=494 {316,425,471,475,477,480,494}
SOLUTION N=494 {316,426,469,471,475,487,494}
SOLUTION N=494 {316,426,469,473,475,487,494}
SOLUTION N=494 {318,425,471,473,477,480,494}
SOLUTION N=494 {318,425,471,475,477,480,494}
SOLUTION N=494 {319,432,471,486,491,493,494}
SOLUTION N=494 {326,433,471,485,488,490,494}
N=494 n=7 solutions=12 nodes: 1 218 23676 1626366 62457867 327834398 12 time=12.00
SOLUTION N=495 {308,417,452,469,471,472,495}
SOLUTION N=495 {310,373,449,463,483,491,495}
SOLUTION N=495 {310,420,445,453,469,481,495}
SOLUTION N=495 {310,420,445,459,471,487,495}
SOLUTION N=495 {311,426,461,472,480,485,495}
SOLUTION N=495 {311,429,439,459,474,488,495}
SOLUTION N=495 {312,429,463,473,480,494,495}
SOLUTION N=495 {314,424,445,459,471,487,495}
SOLUTION N=495 {314,424,452,466,471,479,495}
SOLUTION N=495 {314,424,452,466,471,487,495}
SOLUTION N=495 {316,428,471,474,480,485,495}
SOLUTION N=495 {317,427,468,474,477,482,495}
SOLUTION N=495 {317,433,471,486,488,492,495}
SOLUTION N=495 {317,433,471,486,490,492,495}
SOLUTION N=495 {317,434,472,479,489,493,495}
SOLUTION N=495 {317,434,472,486,489,493,495}
SOLUTION N=495 {317,435,473,487,492,494,495}
SOLUTION N=495 {318,373,449,463,483,491,495}
SOLUTION N=495 {318,373,449,477,483,487,495}
SOLUTION N=495 {318,373,449,477,483,491,495}
SOLUTION N=495 {318,428,449,463,483,491,495}
SOLUTION N=495 {318,428,449,477,483,487,495}
SOLUTION N=495 {318,428,449,477,483,491,495}
SOLUTION N=495 {318,428,449,477,489,491,495}
SOLUTION N=495 {318,428,470,477,483,491,495}
SOLUTION N=495 {318,428,470,477,489,491,495}
SOLUTION N=495 {318,433,471,487,488,490,495}
SOLUTION N=495 {318,434,472,486,489,491,495}
SOLUTION N=495 {319,426,472,476,478,481,495}
SOLUTION N=495 {319,428,471,474,480,485,495}
SOLUTION N=495 {319,431,471,486,487,492,495}
SOLUTION N=495 {319,431,471,486,488,492,495}
SOLUTION N=495 {319,431,471,486,490,492,495}
SOLUTION N=495 {319,432,471,487,488,490,495}
SOLUTION N=495 {319,433,471,487,488,490,495}
SOLUTION N=495 {320,430,449,477,483,487,495}
SOLUTION N=495 {320,430,468,477,483,487,495}
SOLUTION N=495 {320,432,471,487,488,490,495}
SOLUTION N=495 {320,432,472,486,489,491,495}
SOLUTION N=495 {320,432,473,487,492,494,495}
SOLUTION N=495 {321,431,472,486,489,491,495}
SOLUTION N=495 {324,379,472,479,489,493,495}
SOLUTION N=495 {324,379,472,486,489,491,495}
SOLUTION N=495 {324,379,472,486,489,493,495}
SOLUTION N=495 {324,434,472,479,489,493,495}
SOLUTION N=495 {324,434,472,486,489,491,495}
SOLUTION N=495 {324,434,472,486,489,493,495}
SOLUTION N=495 {324,435,473,487,492,494,495}
SOLUTION N=495 {326,345,383,487,488,490,495}
SOLUTION N=495 {327,434,472,486,489,491,495}
SOLUTION N=495 {327,434,472,486,489,493,495}
N=495 n=7 solutions=51 nodes: 1 218 23678 1636657 64386260 370942913 51 time=12.72
SOLUTION N=496 {305,415,433,445,469,470,496}
SOLUTION N=496 {309,328,435,487,490,492,496}
SOLUTION N=496 {312,427,463,473,474,489,496}
SOLUTION N=496 {313,431,469,478,484,488,496}
SOLUTION N=496 {313,431,469,478,486,490,496}
SOLUTION N=496 {315,429,467,480,482,486,496}
SOLUTION N=496 {315,429,472,475,481,486,496}
SOLUTION N=496 {316,428,469,481,483,487,496}
SOLUTION N=496 {316,428,471,475,477,489,496}
SOLUTION N=496 {317,427,450,475,479,482,496}
SOLUTION N=496 {317,427,469,478,480,484,496}
SOLUTION N=496 {317,427,469,478,482,484,496}
SOLUTION N=496 {317,427,469,478,482,490,496}
SOLUTION N=496 {317,427,469,482,487,490,496}
SOLUTION N=496 {317,427,473,475,476,482,496}
SOLUTION N=496 {317,427,473,475,479,482,496}
SOLUTION N=496 {317,427,473,477,479,482,496}
SOLUTION N=496 {317,435,442,456,493,495,496}
SOLUTION N=496 {318,427,473,477,479,482,496}
SOLUTION N=496 {318,428,471,473,477,489,496}
SOLUTION N=496 {318,428,471,475,477,489,496}
SOLUTION N=496 {318,428,471,475,483,489,496}
SOLUTION N=496 {320,427,473,475,479,482,496}
SOLUTION N=496 {320,427,473,477,479,482,496}
SOLUTION N=496 {320,431,473,480,493,494,496}
SOLUTION N=496 {320,431,473,487,493,494,496}
SOLUTION N=496 {321,435,473,480,490,494,496}
SOLUTION N=496 {323,434,474,481,493,495,496}
SOLUTION N=496 {323,435,473,487,490,492,496}
SOLUTION N=496 {327,436,474,488,493,495,496}
SOLUTION N=496 {328,435,473,487,490,492,496}
SOLUTION N=496 {328,435,473,487,490,494,496}
N=496 n=7 solutions=32 nodes: 1 219 23893 1649143 63762631 339744412 32 time=12.14
SOLUTION N=497 {273,328,474,488,491,493,497}
SOLUTION N=497 {302,432,440,441,447,459,497}
SOLUTION N=497 {310,375,451,465,485,493,497}
SOLUTION N=497 {310,422,449,465,472,478,497}
SOLUTION N=497 {311,330,437,489,494,496,497}
SOLUTION N=497 {311,425,457,470,476,488,497}
SOLUTION N=497 {313,428,465,468,474,493,497}
SOLUTION N=497 {314,428,449,463,479,491,497}
SOLUTION N=497 {314,428,449,465,479,491,497}
SOLUTION N=497 {315,370,449,465,478,480,497}
SOLUTION N=497 {315,425,449,465,478,480,497}
SOLUTION N=497 {316,426,447,461,473,489,497}
SOLUTION N=497 {317,431,457,473,488,494,497}
SOLUTION N=497 {318,375,451,479,485,489,497}
SOLUTION N=497 {318,428,474,476,477,483,497}
SOLUTION N=497 {318,432,451,479,485,489,497}
SOLUTION N=497 {318,432,470,479,485,489,497}
SOLUTION N=497 {318,432,470,479,487,491,497}
SOLUTION N=497 {318,435,473,488,490,494,497}
SOLUTION N=497 {318,436,443,457,494,495,497}
SOLUTION N=497 {318,436,474,481,491,495,497}
SOLUTION N=497 {318,436,474,488,491,495,497}
SOLUTION N=497 {318,437,475,489,494,496,497}
SOLUTION N=497 {319,435,473,489,490,492,497}
SOLUTION N=497 {319,436,469,476,494,495,497}
SOLUTION N=497 {319,436,474,488,491,493,497}
SOLUTION N=497 {320,434,473,489,490,492,497}
SOLUTION N=497 {320,435,473,489,490,492,497}
SOLUTION N=497 {320,436,474,481,491,495,497}
SOLUTION N=497 {321,428,470,478,479,485,497}
SOLUTION N=497 {321,428,474,476,480,483,497}
SOLUTION N=497 {321,428,474,478,480,483,497}
SOLUTION N=497 {321,430,473,476,482,487,497}
SOLUTION N=497 {321,433,473,489,490,492,497}
SOLUTION N=497 {321,434,473,489,490,492,497}
SOLUTION N=497 {321,435,473,488,490,494,497}
SOLUTION N=497 {321,435,473,488,492,494,497}
SOLUTION N=497 {322,377,470,479,487,491,497}
SOLUTION N=497 {322,431,473,483,488,494,497}
SOLUTION N=497 {322,432,470,479,487,491,497}
SOLUTION N=497 {324,433,473,486,489,496,497}
SOLUTION N=497 {326,436,474,481,491,495,497}
SOLUTION N=497 {326,436,474,488,491,493,497}
SOLUTION N=497 {326,437,475,489,494,496,497}
SOLUTION N=497 {328,347,385,488,491,493,497}
SOLUTION N=497 {328,347,385,488,492,494,497}
SOLUTION N=497 {329,436,474,488,491,493,497}
N=497 n=7 solutions=47 nodes: 1 219 23894 1658579 65314255 364616359 47 time=12.81
SOLUTION N=498 {273,328,474,490,491,493,498}
SOLUTION N=498 {308,423,448,455,469,492,498}
SOLUTION N=498 {308,423,455,469,473,492,498}
SOLUTION N=498 {309,435,438,457,470,496,498}
SOLUTION N=498 {310,427,447,465,484,487,498}
SOLUTION N=498 {312,429,463,475,485,490,498}
SOLUTION N=498 {313,431,434,465,474,490,498}
SOLUTION N=498 {314,429,462,467,475,497,498}
SOLUTION N=498 {314,433,471,480,486,490,498}
SOLUTION N=498 {314,433,471,480,488,492,498}
SOLUTION N=498 {314,433,471,483,489,490,498}
SOLUTION N=498 {316,431,474,477,483,488,498}
SOLUTION N=498 {317,430,437,456,495,496,498}
SOLUTION N=498 {317,430,471,477,480,485,498}
SOLUTION N=498 {317,430,471,480,491,492,498}
SOLUTION N=498 {317,430,472,479,483,488,498}
SOLUTION N=498 {317,430,472,479,483,493,498}
SOLUTION N=498 {318,429,452,477,478,491,498}
SOLUTION N=498 {318,429,469,484,485,493,498}
SOLUTION N=498 {318,429,475,476,478,491,498}
SOLUTION N=498 {318,429,475,477,478,484,498}
SOLUTION N=498 {318,429,475,477,478,491,498}
SOLUTION N=498 {318,429,475,477,481,484,498}
SOLUTION N=498 {318,429,475,479,481,484,498}
SOLUTION N=498 {318,430,473,477,479,491,498}
SOLUTION N=498 {319,429,475,477,478,484,498}
SOLUTION N=498 {319,429,475,477,481,484,498}
SOLUTION N=498 {319,429,475,479,481,484,498}
SOLUTION N=498 {319,431,474,477,483,488,498}
SOLUTION N=498 {319,433,466,471,486,494,498}
SOLUTION N=498 {320,427,453,477,480,484,498}
SOLUTION N=498 {320,429,475,479,481,484,498}
SOLUTION N=498 {320,430,471,477,480,485,498}
SOLUTION N=498 {320,430,471,477,485,489,498}
SOLUTION N=498 {320,430,473,475,479,491,498}
SOLUTION N=498 {320,430,473,477,479,491,498}
SOLUTION N=498 {320,433,471,483,489,490,498}
SOLUTION N=498 {321,436,475,490,495,497,498}
SOLUTION N=498 {322,429,471,479,480,486,498}
SOLUTION N=498 {322,429,475,477,481,484,498}
SOLUTION N=498 {322,429,475,479,481,484,498}
SOLUTION N=498 {322,431,474,477,483,488,498}
SOLUTION N=498 {323,433,471,480,486,490,498}
SOLUTION N=498 {323,433,471,480,488,492,498}
SOLUTION N=498 {324,437,475,489,492,494,498}
SOLUTION N=498 {324,437,475,489,492,496,498}
SOLUTION N=498 {325,436,476,483,495,497,498}
SOLUTION N=498 {326,433,471,483,489,490,498}
SOLUTION N=498 {326,435,475,489,492,494,498}
SOLUTION N=498 {326,436,474,489,491,495,498}
SOLUTION N=498 {326,436,474,489,493,495,498}
SOLUTION N=498 {327,382,475,489,492,494,498}
SOLUTION N=498 {327,382,475,489,492,496,498}
SOLUTION N=498 {327,437,475,482,492,496,498}
SOLUTION N=498 {327,437,475,489,492,494,498}
SOLUTION N=498 {327,437,475,489,492,496,498}
SOLUTION N=498 {329,438,476,490,495,497,498}
SOLUTION N=498 {330,437,475,489,492,494,498}
SOLUTION N=498 {330,437,475,489,492,496,498}
N=498 n=7 solutions=59 nodes: 1 220 24114 1673233 65332825 368136376 59 time=12.98
SOLUTION N=499 {305,424,440,447,449,468,499}
SOLUTION N=499 {310,377,453,467,487,495,499}
SOLUTION N=499 {310,420,453,457,465,485,499}
SOLUTION N=499 {312,426,461,475,482,491,499}
SOLUTION N=499 {313,427,461,475,478,484,499}
SOLUTION N=499 {314,369,445,463,479,487,499}
SOLUTION N=499 {314,424,445,463,471,487,499}
SOLUTION N=499 {314,424,445,463,479,487,499}
SOLUTION N=499 {314,424,445,471,481,487,499}
SOLUTION N=499 {315,430,464,476,481,491,499}
SOLUTION N=499 {316,375,455,469,493,497,499}
SOLUTION N=499 {316,425,438,474,478,485,499}
SOLUTION N=499 {316,430,451,465,481,493,499}
SOLUTION N=499 {316,430,458,472,481,493,499}
SOLUTION N=499 {316,430,461,472,481,487,499}
SOLUTION N=499 {316,434,455,469,493,497,499}
SOLUTION N=499 {317,427,451,467,480,482,499}
SOLUTION N=499 {318,377,453,467,487,495,499}
SOLUTION N=499 {318,377,453,481,487,491,499}
SOLUTION N=499 {318,377,453,481,487,495,499}
SOLUTION N=499 {318,428,453,467,487,495,499}
SOLUTION N=499 {318,432,475,478,484,489,499}
SOLUTION N=499 {319,430,453,478,479,492,499}
SOLUTION N=499 {319,430,476,477,479,492,499}
SOLUTION N=499 {319,430,476,478,479,485,499}
SOLUTION N=499 {319,433,458,475,490,496,499}
SOLUTION N=499 {319,437,475,490,492,496,499}
SOLUTION N=499 {319,437,475,490,494,496,499}
SOLUTION N=499 {319,438,476,490,493,497,499}
SOLUTION N=499 {319,439,477,491,496,498,499}
SOLUTION N=499 {320,430,476,478,479,485,499}
SOLUTION N=499 {320,437,475,491,492,494,499}
SOLUTION N=499 {320,438,471,478,496,497,499}
SOLUTION N=499 {320,438,476,490,493,495,499}
SOLUTION N=499 {321,428,454,478,481,485,499}
SOLUTION N=499 {321,430,476,480,482,485,499}
SOLUTION N=499 {321,435,475,490,492,496,499}
SOLUTION N=499 {321,436,475,491,492,494,499}
SOLUTION N=499 {321,437,475,491,492,494,499}
SOLUTION N=499 {321,437,477,491,496,498,499}
SOLUTION N=499 {321,438,476,483,493,497,499}
SOLUTION N=499 {322,379,455,483,493,497,499}
SOLUTION N=499 {322,435,475,491,492,494,499}
SOLUTION N=499 {322,435,476,490,493,497,499}
SOLUTION N=499 {322,436,455,483,493,497,499}
SOLUTION N=499 {322,436,474,483,493,497,499}
SOLUTION N=499 {322,436,475,491,492,494,499}
SOLUTION N=499 {322,436,476,490,493,495,499}
SOLUTION N=499 {322,436,477,491,496,498,499}
SOLUTION N=499 {323,430,472,480,481,487,499}
SOLUTION N=499 {323,430,476,478,482,485,499}
SOLUTION N=499 {323,430,476,480,482,485,499}
SOLUTION N=499 {323,434,476,490,493,497,499}
SOLUTION N=499 {323,435,475,491,492,494,499}
SOLUTION N=499 {324,434,453,481,487,491,499}
SOLUTION N=499 {324,434,472,481,487,491,499}
SOLUTION N=499 {324,438,476,483,493,497,499}
SOLUTION N=499 {326,438,476,490,493,495,499}
SOLUTION N=499 {327,434,472,484,490,491,499}
SOLUTION N=499 {328,438,476,483,493,497,499}
SOLUTION N=499 {328,438,476,490,493,497,499}
SOLUTION N=499 {329,422,441,491,496,498,499}
SOLUTION N=499 {330,439,477,491,496,498,499}
SOLUTION N=499 {331,438,476,490,493,495,499}
SOLUTION N=499 {331,438,476,490,493,497,499}
N=499 n=7 solutions=65 nodes: 1 220 24113 1681771 66651465 379454562 65 time=13.32
