SOLUTION N=474 {302,409,447,459,465,466,474}
N=474 n=7 V: 1 214 22600 1492646 54070194 250338043 1 solutions=1
SOLUTION N=475 {307,414,452,466,469,473,475}
N=475 n=7 V: 1 214 22601 1501105 55307546 256653267 1 solutions=1
N=476 n=7 V: 1 215 22813 1513857 55022730 247734048 0 solutions=0
SOLUTION N=477 {308,417,455,469,474,476,477}
SOLUTION N=477 {309,416,454,468,471,473,477}
N=477 n=7 V: 1 215 22814 1523131 56672746 282040515 2 solutions=2
N=478 n=7 V: 1 216 23026 1535166 56054570 256781407 0 solutions=0
N=479 n=7 V: 1 216 23027 1544361 57586465 277841421 0 solutions=0
SOLUTION N=480 {305,415,453,462,470,474,480}
SOLUTION N=480 {305,415,453,462,468,472,480}
N=480 n=7 V: 1 216 23029 1537223 56617192 274017516 2 solutions=2
SOLUTION N=481 {310,421,459,473,478,480,481}
SOLUTION N=481 {310,420,458,472,475,479,481}
SOLUTION N=481 {310,420,458,465,475,479,481}
N=481 n=7 V: 1 217 23242 1566454 58775541 288494036 3 solutions=3
N=482 n=7 V: 1 217 23243 1558136 57406742 271480739 0 solutions=0
SOLUTION N=483 {311,421,459,474,478,480,483}
SOLUTION N=483 {311,421,459,474,476,480,483}
SOLUTION N=483 {312,422,460,474,477,479,483}
SOLUTION N=483 {302,412,433,447,459,475,483}
N=483 n=7 V: 1 218 23459 1589466 60251042 311740988 4 solutions=4
