N=1 k=4 n=7 V: 1 0 0 0 0 0 0
N=2 k=4 n=7 V: 1 0 0 0 0 0 0
N=3 k=4 n=7 V: 1 2 0 0 0 0 0
N=4 k=4 n=7 V: 1 2 0 0 0 0 0
N=5 k=4 n=7 V: 1 4 2 0 0 0 0
N=6 k=4 n=7 V: 1 4 1 0 0 0 0
N=7 k=4 n=7 V: 1 6 3 0 0 0 0
N=8 k=4 n=7 V: 1 6 3 0 0 0 0
N=9 k=4 n=7 V: 1 8 15 0 0 0 0
N=10 k=4 n=7 V: 1 8 10 0 0 0 0
N=11 k=4 n=7 V: 1 10 25 0 0 0 0
N=12 k=4 n=7 V: 1 10 28 0 0 0 0
N=13 k=4 n=7 V: 1 12 42 0 0 0 0
N=14 k=4 n=7 V: 1 12 33 2 0 0 0
N=15 k=4 n=7 V: 1 14 70 30 0 0 0
N=16 k=4 n=7 V: 1 14 57 15 0 0 0
N=17 k=4 n=7 V: 1 16 88 41 0 0 0
N=18 k=4 n=7 V: 1 16 82 38 0 0 0
N=19 k=4 n=7 V: 1 18 117 86 0 0 0
N=20 k=4 n=7 V: 1 18 112 76 0 0 0
N=21 k=4 n=7 V: 1 20 153 134 0 0 0
N=22 k=4 n=7 V: 1 20 135 108 0 0 0
N=23 k=4 n=7 V: 1 22 187 209 0 0 0
N=24 k=4 n=7 V: 1 22 181 180 0 0 0
N=25 k=4 n=7 V: 1 24 232 340 0 0 0
N=26 k=4 n=7 V: 1 24 210 242 0 0 0
N=27 k=4 n=7 V: 1 26 276 563 0 0 0
N=28 k=4 n=7 V: 1 26 258 351 0 0 0
N=29 k=4 n=7 V: 1 28 322 632 0 0 0
N=30 k=4 n=7 V: 1 28 311 618 0 0 0
N=31 k=4 n=7 V: 1 30 375 890 0 0 0
N=32 k=4 n=7 V: 1 30 357 729 0 0 0
N=33 k=4 n=7 V: 1 32 435 1463 0 0 0
N=34 k=4 n=7 V: 1 32 408 994 0 0 0
N=35 k=4 n=7 V: 1 34 497 1568 0 0 0
N=36 k=4 n=7 V: 1 34 478 1652 0 0 0
N=37 k=4 n=7 V: 1 36 558 2115 0 0 0
N=38 k=4 n=7 V: 1 36 531 1748 0 0 0
N=39 k=4 n=7 V: 1 38 630 3081 0 0 0
N=40 k=4 n=7 V: 1 38 607 2271 7 0 0
N=41 k=4 n=7 V: 1 40 700 3394 24 0 0
N=42 k=4 n=7 V: 1 40 676 3035 77 0 0
N=43 k=4 n=7 V: 1 42 777 4196 82 0 0
N=44 k=4 n=7 V: 1 42 750 3771 84 0 0
N=45 k=4 n=7 V: 1 44 865 5646 1154 0 0
N=46 k=4 n=7 V: 1 44 825 4299 243 0 0
N=47 k=4 n=7 V: 1 46 943 6163 545 0 0
N=48 k=4 n=7 V: 1 46 919 5868 856 0 0
N=49 k=4 n=7 V: 1 48 1032 7145 905 0 0
N=50 k=4 n=7 V: 1 48 1000 6233 966 0 0
N=51 k=4 n=7 V: 1 50 1128 9345 2823 0 0
N=52 k=4 n=7 V: 1 50 1092 7832 1229 0 0
N=53 k=4 n=7 V: 1 52 1222 10145 2529 0 0
N=54 k=4 n=7 V: 1 52 1189 9269 2936 0 0
N=55 k=4 n=7 V: 1 54 1327 11939 4353 0 0
N=56 k=4 n=7 V: 1 54 1287 10167 2621 0 0
N=57 k=4 n=7 V: 1 56 1431 14409 7759 0 0
N=58 k=4 n=7 V: 1 56 1386 11729 4128 0 0
N=59 k=4 n=7 V: 1 58 1537 15557 7304 0 0
N=60 k=4 n=7 V: 1 58 1508 14992 8402 0 0
N=61 k=4 n=7 V: 1 60 1650 17716 9823 0 0
N=62 k=4 n=7 V: 1 60 1605 15441 7615 0 0
N=63 k=4 n=7 V: 1 62 1770 20601 15291 0 0
N=64 k=4 n=7 V: 1 62 1725 17999 10452 0 0
N=65 k=4 n=7 V: 1 64 1892 22899 17437 0 0
N=66 k=4 n=7 V: 1 64 1846 20890 16023 0 0
N=67 k=4 n=7 V: 1 66 2013 25370 21161 0 0
N=68 k=4 n=7 V: 1 66 1968 23216 17674 0 0
N=69 k=4 n=7 V: 1 68 2145 29433 31783 0 0
N=70 k=4 n=7 V: 1 68 2095 24915 20808 0 0
N=71 k=4 n=7 V: 1 70 2275 31534 32677 0 0
N=72 k=4 n=7 V: 1 70 2233 29526 30689 0 0
N=73 k=4 n=7 V: 1 72 2412 34957 39869 0 0
N=74 k=4 n=7 V: 1 72 2358 31183 31904 0 0
N=75 k=4 n=7 V: 1 74 2560 40215 59027 0 0
N=76 k=4 n=7 V: 1 74 2502 35571 40795 0 0
N=77 k=4 n=7 V: 1 76 2698 42137 55618 0 0
N=78 k=4 n=7 V: 1 76 2647 39564 52937 0 0
N=79 k=4 n=7 V: 1 78 2847 46694 68993 1 0
N=80 k=4 n=7 V: 1 78 2797 42979 59211 2 0
N=81 k=4 n=7 V: 1 80 3003 52226 97904 2 0
N=82 k=4 n=7 V: 1 80 2940 46155 66510 2 0
N=83 k=4 n=7 V: 1 82 3157 55820 96534 10 0
N=84 k=4 n=7 V: 1 82 3106 52749 88219 4 0
N=85 k=4 n=7 V: 1 84 3322 61368 117293 16 0
N=86 k=4 n=7 V: 1 84 3255 55176 92374 26 0
N=87 k=4 n=7 V: 1 86 3486 67481 150907 35 0
N=88 k=4 n=7 V: 1 86 3423 60839 109692 22 0
N=89 k=4 n=7 V: 1 88 3652 71618 153481 73 0
N=90 k=4 n=7 V: 1 88 3596 67085 146729 35 0
N=91 k=4 n=7 V: 1 90 3825 77111 172053 108 0
N=92 k=4 n=7 V: 1 90 3762 72132 149430 91 0
N=93 k=4 n=7 V: 1 92 4005 85182 232961 170 0
N=94 k=4 n=7 V: 1 92 3933 76607 168303 161 0
N=95 k=4 n=7 V: 1 94 4187 90865 240489 863 0
N=96 k=4 n=7 V: 1 94 4123 85449 218130 193 0
N=97 k=4 n=7 V: 1 96 4368 96961 268175 460 0
N=98 k=4 n=7 V: 1 96 4296 88736 217279 378 0
N=99 k=4 n=7 V: 1 98 4560 105353 358694 553 0
N=100 k=4 n=7 V: 1 98 4492 97803 262298 349 0
N=101 k=4 n=7 V: 1 100 4750 111610 347686 977 0
N=102 k=4 n=7 V: 1 100 4681 105093 320856 559 0
N=103 k=4 n=7 V: 1 102 4947 119457 394138 1320 0
N=104 k=4 n=7 V: 1 102 4875 111488 328392 879 0
N=105 k=4 n=7 V: 1 104 5155 129870 492841 2208 0
N=106 k=4 n=7 V: 1 104 5070 118190 371054 1247 0
N=107 k=4 n=7 V: 1 106 5353 136234 501523 2381 0
N=108 k=4 n=7 V: 1 106 5284 129663 483895 1240 0
N=109 k=4 n=7 V: 1 108 5562 145180 563648 2905 0
N=110 k=4 n=7 V: 1 108 5485 135202 481761 2884 0
N=111 k=4 n=7 V: 1 110 5778 156368 708835 3202 0
N=112 k=4 n=7 V: 1 110 5697 144534 524064 2360 0
N=113 k=4 n=7 V: 1 112 5992 164231 706794 4515 0
N=114 k=4 n=7 V: 1 112 5914 155411 653530 3100 0
N=115 k=4 n=7 V: 1 114 6217 175327 792519 6809 0
N=116 k=4 n=7 V: 1 114 6132 164325 674496 3610 0
N=117 k=4 n=7 V: 1 116 6441 186464 991226 5567 0
N=118 k=4 n=7 V: 1 116 6351 172630 739394 4898 0
N=119 k=4 n=7 V: 1 118 6667 195527 954796 7218 0
N=120 k=4 n=7 V: 1 118 6593 187465 910879 6503 0
N=121 k=4 n=7 V: 1 120 6900 206989 1094534 8873 0
N=122 k=4 n=7 V: 1 120 6810 193932 913124 7304 0
N=123 k=4 n=7 V: 1 122 7140 221052 1323009 11999 0
N=124 k=4 n=7 V: 1 122 7050 207082 1031428 7876 0
N=125 k=4 n=7 V: 1 124 7382 232290 1320997 18108 0
N=126 k=4 n=7 V: 1 124 7291 218925 1209566 15883 0
N=127 k=4 n=7 V: 1 126 7623 243891 1454531 16290 0
N=128 k=4 n=7 V: 1 126 7533 230587 1244610 12174 0
N=129 k=4 n=7 V: 1 128 7875 259209 1757535 25178 0
N=130 k=4 n=7 V: 1 128 7780 242307 1366105 17962 0
N=131 k=4 n=7 V: 1 130 8125 270625 1756107 24526 0
N=132 k=4 n=7 V: 1 130 8038 259176 1681630 23604 0
N=133 k=4 n=7 V: 1 132 8382 284447 1891510 28628 0
N=134 k=4 n=7 V: 1 132 8283 268204 1640576 23542 0
N=135 k=4 n=7 V: 1 134 8650 302343 2306191 146940 0
N=136 k=4 n=7 V: 1 134 8547 283900 1807659 28049 0
N=137 k=4 n=7 V: 1 136 8908 314275 2299127 46341 0
N=138 k=4 n=7 V: 1 136 8812 299763 2118041 56497 0
N=139 k=4 n=7 V: 1 138 9177 329805 2507043 57831 0
N=140 k=4 n=7 V: 1 138 9082 314156 2161030 49039 0
N=141 k=4 n=7 V: 1 140 9453 348239 2960830 123931 0
N=142 k=4 n=7 V: 1 140 9345 326996 2340321 55944 0
N=143 k=4 n=7 V: 1 142 9727 362017 3006528 83518 0
N=144 k=4 n=7 V: 1 142 9631 347354 2788473 145403 0
N=145 k=4 n=7 V: 1 144 10012 380730 3210730 141599 0
N=146 k=4 n=7 V: 1 144 9900 359367 2768687 84450 0
N=147 k=4 n=7 V: 1 146 10296 399299 3710709 217411 0
N=148 k=4 n=7 V: 1 146 10188 378603 3068391 98018 0
N=149 k=4 n=7 V: 1 148 10582 415154 3777077 162932 0
N=150 k=4 n=7 V: 1 148 10481 398128 3474895 246818 0
N=151 k=4 n=7 V: 1 150 10875 433822 4082788 199209 0
N=152 k=4 n=7 V: 1 150 10767 413859 3550945 145080 0
N=153 k=4 n=7 V: 1 152 11175 455359 4736480 521235 0
N=154 k=4 n=7 V: 1 152 11058 429712 3798456 176739 0
N=155 k=4 n=7 V: 1 154 11477 474207 4740125 348894 0
N=156 k=4 n=7 V: 1 154 11368 455054 4502185 326314 0
N=157 k=4 n=7 V: 1 156 11778 493157 5114845 345502 0
N=158 k=4 n=7 V: 1 156 11661 469147 4432362 268861 0
N=159 k=4 n=7 V: 1 158 12090 516804 5873269 675207 0
N=160 k=4 n=7 V: 1 158 11977 492506 4816190 362983 0
N=161 k=4 n=7 V: 1 160 12400 535377 5833781 452469 0
N=162 k=4 n=7 V: 1 160 12286 513568 5443905 664172 0
N=163 k=4 n=7 V: 1 162 12717 557668 6338675 581090 0
N=164 k=4 n=7 V: 1 162 12600 534109 5626272 437363 0
N=165 k=4 n=7 V: 1 164 13045 584330 7260574 1254044 0
N=166 k=4 n=7 V: 1 164 12915 553531 5915863 536028 0
N=167 k=4 n=7 V: 1 166 13363 603655 7271850 804674 0
N=168 k=4 n=7 V: 1 166 13249 581621 6712551 833880 0
N=169 k=4 n=7 V: 1 168 13692 627395 7806477 911009 0
N=170 k=4 n=7 V: 1 168 13570 600441 6780303 841094 0
N=171 k=4 n=7 V: 1 170 14028 654795 8795662 1899390 0
N=172 k=4 n=7 V: 1 170 13902 625747 7405573 842606 0
N=173 k=4 n=7 V: 1 172 14362 677267 8865991 1268883 0
N=174 k=4 n=7 V: 1 172 14239 651534 8156889 1416003 0
N=175 k=4 n=7 V: 1 174 14707 704473 9345378 1482894 0
