N=431 n=7 solutions=0 nodes: 1 189 17786 1057058 33998833 107454211 0 time=4.80
N=432 n=7 solutions=0 nodes: 1 190 17976 1068144 34088699 110600822 0 time=4.86
N=433 n=7 solutions=0 nodes: 1 190 17975 1074220 34798857 112295562 0 time=4.98
N=434 n=7 solutions=0 nodes: 1 191 18164 1084173 34540745 106605835 0 time=4.68
N=435 n=7 solutions=0 nodes: 1 191 18167 1092501 35876443 124395368 0 time=5.27
N=436 n=7 solutions=0 nodes: 1 192 18356 1102158 35494317 112644009 0 time=5.16
N=437 n=7 solutions=0 nodes: 1 192 18356 1109113 36449360 122188957 0 time=5.34
N=438 n=7 solutions=0 nodes: 1 193 18548 1120112 36449510 124492777 0 time=5.20
N=439 n=7 solutions=0 nodes: 1 193 18548 1126855 37290736 127731940 0 time=5.57
N=440 n=7 solutions=0 nodes: 1 193 18549 1120366 36404430 119420097 0 time=5.22
N=441 n=7 solutions=0 nodes: 1 194 18742 1145353 38345757 141558451 0 time=5.81
N=442 n=7 solutions=0 nodes: 1 194 18742 1138001 37196755 124921786 0 time=5.36
N=443 n=7 solutions=0 nodes: 1 195 18935 1162876 39023015 138960805 0 time=5.70
N=444 n=7 solutions=0 nodes: 1 195 18936 1156742 38335051 138711602 0 time=6.03
N=445 n=7 solutions=0 nodes: 1 196 19131 1181482 39947170 144109488 0 time=6.15
N=446 n=7 solutions=0 nodes: 1 196 19131 1174245 38915702 135913241 0 time=5.95
N=447 n=7 solutions=0 nodes: 1 197 19327 1200301 41060869 160627284 0 time=6.76
N=448 n=7 solutions=0 nodes: 1 197 19326 1192520 39807695 140737904 0 time=5.66
N=449 n=7 solutions=0 nodes: 1 198 19523 1218337 41735242 157346956 0 time=6.59
N=450 n=7 solutions=0 nodes: 1 198 19526 1212320 40967575 156120017 0 time=6.50
N=451 n=7 solutions=0 nodes: 1 198 19524 1218841 41840276 160750115 0 time=6.42
N=452 n=7 solutions=0 nodes: 1 199 19721 1229974 41672175 154070237 0 time=6.64
N=453 n=7 solutions=0 nodes: 1 199 19723 1238381 43035542 177463520 0 time=7.15
N=454 n=7 solutions=0 nodes: 1 200 19921 1249027 42547362 160120239 0 time=6.54
N=455 n=7 solutions=0 nodes: 1 200 19922 1257094 43745997 172101966 0 time=6.84
N=456 n=7 solutions=0 nodes: 1 201 20121 1268917 43787106 176134666 0 time=7.25
N=457 n=7 solutions=0 nodes: 1 201 20121 1276071 44703209 180937875 0 time=7.22
N=458 n=7 solutions=0 nodes: 1 202 20322 1287581 44455992 173537284 0 time=7.01
N=459 n=7 solutions=0 nodes: 1 202 20323 1296172 45936541 200178297 0 time=8.04
N=460 n=7 solutions=0 nodes: 1 202 20324 1288699 44702376 176735548 0 time=7.19
N=461 n=7 solutions=0 nodes: 1 203 20524 1315198 46688454 195939426 0 time=7.85
N=462 n=7 solutions=0 nodes: 1 203 20525 1308252 45768621 193072864 0 time=7.73
N=463 n=7 solutions=0 nodes: 1 204 20727 1335048 47703834 203754619 0 time=7.90
N=464 n=7 solutions=0 nodes: 1 204 20728 1327739 46632999 191727458 0 time=7.58
N=465 n=7 solutions=0 nodes: 1 205 20933 1356120 49054928 223014736 0 time=8.54
N=466 n=7 solutions=0 nodes: 1 205 20931 1347212 47530485 198549526 0 time=8.24
N=467 n=7 solutions=0 nodes: 1 206 21136 1375369 49788126 220183265 0 time=8.67
N=468 n=7 solutions=0 nodes: 1 206 21138 1368696 48954717 219848331 0 time=8.78
N=469 n=7 solutions=0 nodes: 1 207 21342 1395816 50829979 227474373 0 time=8.91
N=470 n=7 solutions=0 nodes: 1 207 21343 1388069 49629662 213940200 0 time=8.52
N=471 n=7 solutions=0 nodes: 1 207 21344 1397042 51247821 245405124 0 time=9.48
N=472 n=7 solutions=0 nodes: 1 208 21550 1408849 50786569 223759944 0 time=9.06
N=473 n=7 solutions=0 nodes: 1 208 21550 1417035 52062100 242383389 0 time=9.38
SOLUTION N=474 {302,409,447,459,465,466,474}
N=474 n=7 solutions=1 nodes: 1 43 7937 703875 30542940 156402165 1 time=6.05
