N=2 n=7 V: 1 0 0 0 0 0 0 solutions=0
N=6 n=7 V: 1 4 0 0 0 0 0 solutions=0
N=10 n=7 V: 1 8 6 0 0 0 0 solutions=0
N=14 n=7 V: 1 12 27 0 0 0 0 solutions=0
N=18 n=7 V: 1 16 75 0 0 0 0 solutions=0
N=22 n=7 V: 1 20 125 2 0 0 0 solutions=0
N=26 n=7 V: 1 24 198 37 0 0 0 solutions=0
N=30 n=7 V: 1 28 298 244 0 0 0 solutions=0
N=34 n=7 V: 1 32 392 471 0 0 0 solutions=0
N=38 n=7 V: 1 36 513 1004 0 0 0 solutions=0
N=42 n=7 V: 1 40 657 2069 0 0 0 solutions=0
N=46 n=7 V: 1 44 803 3008 0 0 0 solutions=0
N=50 n=7 V: 1 48 976 4540 0 0 0 solutions=0
N=54 n=7 V: 1 52 1164 7395 0 0 0 solutions=0
N=58 n=7 V: 1 56 1358 9358 0 0 0 solutions=0
N=62 n=7 V: 1 60 1575 12641 9 0 0 solutions=0
N=66 n=7 V: 1 64 1815 17791 126 0 0 solutions=0
N=70 n=7 V: 1 68 2061 21009 229 0 0 solutions=0
N=74 n=7 V: 1 72 2322 26887 881 0 0 solutions=0
N=78 n=7 V: 1 76 2610 34935 3772 0 0 solutions=0
N=82 n=7 V: 1 80 2900 40688 4864 0 0 solutions=0
N=86 n=7 V: 1 84 3213 49072 9495 0 0 solutions=0
N=90 n=7 V: 1 88 3553 60481 29328 0 0 solutions=0
N=94 n=7 V: 1 92 3887 69124 29030 0 0 solutions=0
N=98 n=7 V: 1 96 4248 80446 44254 0 0 solutions=0
N=102 n=7 V: 1 100 4632 96453 95285 0 0 solutions=0
N=106 n=7 V: 1 104 5018 108379 106166 0 0 solutions=0
N=110 n=7 V: 1 108 5431 124430 154910 0 0 solutions=0
N=114 n=7 V: 1 112 5859 144287 261960 0 0 solutions=0
N=118 n=7 V: 1 116 6293 160179 289531 0 0 solutions=0
N=122 n=7 V: 1 120 6750 180532 386483 0 0 solutions=0
N=126 n=7 V: 1 124 7230 204889 595115 0 0 solutions=0
N=130 n=7 V: 1 128 7716 226806 645199 0 0 solutions=0
N=134 n=7 V: 1 132 8217 251748 831499 0 0 solutions=0
N=138 n=7 V: 1 136 8745 282735 1186081 0 0 solutions=0
N=142 n=7 V: 1 140 9275 308329 1295307 0 0 solutions=0
N=146 n=7 V: 1 144 9828 339543 1590406 0 0 solutions=0
N=150 n=7 V: 1 148 10408 377594 2118405 0 0 solutions=0
N=154 n=7 V: 1 152 10982 407364 2326477 0 0 solutions=0
N=158 n=7 V: 1 156 11583 445643 2786541 0 0 solutions=0
N=162 n=7 V: 1 160 12207 489338 3626726 0 0 solutions=0
N=166 n=7 V: 1 164 12833 527400 3897395 0 0 solutions=0
N=170 n=7 V: 1 168 13486 572868 4518612 1 0 solutions=0
N=174 n=7 V: 1 172 14154 623310 5720996 27 0 solutions=0
N=178 n=7 V: 1 176 14828 667850 6154330 94 0 solutions=0
N=182 n=7 V: 1 180 15525 718983 7052964 251 0 solutions=0
N=186 n=7 V: 1 184 16245 779208 8666446 1619 0 solutions=0
N=190 n=7 V: 1 188 16971 832558 9211946 1323 0 solutions=0
N=194 n=7 V: 1 192 17712 891059 10548615 2778 0 solutions=0
N=198 n=7 V: 1 196 18480 958463 12704859 20871 0 solutions=0
N=202 n=7 V: 1 200 19250 1019220 13474995 10333 0 solutions=0
N=206 n=7 V: 1 204 20043 1087664 15148631 18745 0 solutions=0
N=210 n=7 V: 1 208 20863 1165824 17652632 57077 0 solutions=0
N=214 n=7 V: 1 212 21677 1233596 18960494 52535 0 solutions=0
N=218 n=7 V: 1 216 22518 1311214 21116800 84780 0 solutions=0
N=222 n=7 V: 1 220 23382 1398207 24515197 251579 0 solutions=0
N=226 n=7 V: 1 224 24248 1476071 25978382 196377 0 solutions=0
N=230 n=7 V: 1 228 25141 1565245 28595282 288947 0 solutions=0
N=234 n=7 V: 1 232 26049 1660109 32984070 988227 0 solutions=0
N=238 n=7 V: 1 236 26963 1747803 34631398 547967 0 solutions=0
N=242 n=7 V: 1 240 27900 1845769 38253558 808237 0 solutions=0
N=246 n=7 V: 1 244 28860 1954244 43330142 1887846 0 solutions=0
N=250 n=7 V: 1 248 29826 2054240 45559125 1523888 0 solutions=0
N=254 n=7 V: 1 252 30807 2160820 49826387 2025653 0 solutions=0
N=258 n=7 V: 1 256 31815 2280457 56042024 4250604 0 solutions=0
N=262 n=7 V: 1 260 32825 2389361 58956783 3499274 0 solutions=0
N=266 n=7 V: 1 264 33858 2508912 63718823 4263254 0 solutions=0
N=270 n=7 V: 1 268 34918 2642731 71274828 10943495 0 solutions=0
N=274 n=7 V: 1 272 35972 2761507 74939741 7350795 0 solutions=0
N=278 n=7 V: 1 276 37053 2893635 80928376 9251310 0 solutions=0
N=282 n=7 V: 1 280 38157 3037913 89665462 16756052 0 solutions=0
N=286 n=7 V: 1 284 39263 3169883 94173762 14440600 0 solutions=0
N=290 n=7 V: 1 288 40396 3317580 100931533 18064550 0 solutions=0
N=294 n=7 V: 1 292 41544 3472092 110924008 29062565 0 solutions=0
N=298 n=7 V: 1 296 42698 3617742 116435490 26438427 0 solutions=0
N=302 n=7 V: 1 300 43875 3775705 124747453 31944657 0 solutions=0
N=306 n=7 V: 1 304 45075 3946425 136572553 56404787 0 solutions=0
N=310 n=7 V: 1 308 46281 4107925 142584436 46642104 0 solutions=0
N=314 n=7 V: 1 312 47502 4277031 152373260 54927690 0 solutions=0
N=318 n=7 V: 1 316 48750 4462593 165997297 85447048 0 solutions=0
N=322 n=7 V: 1 320 50000 4634276 172725765 74770208 0 solutions=0
N=326 n=7 V: 1 324 51273 4820856 184356572 90555289 0 solutions=0
N=330 n=7 V: 1 328 52573 5023699 200044019 137824919 0 solutions=0
N=334 n=7 V: 1 332 53867 5207868 208313891 123887410 0 solutions=0
N=338 n=7 V: 1 336 55188 5408692 221267621 143253316 0 solutions=0
N=342 n=7 V: 1 340 56532 5624409 238744751 217328803 0 solutions=0
N=346 n=7 V: 1 344 57878 5826363 248538160 192689167 0 solutions=0
N=350 n=7 V: 1 348 59251 6045489 262525407 216483213 0 solutions=0
N=354 n=7 V: 1 352 60639 6274938 283155650 311476487 0 solutions=0
N=358 n=7 V: 1 356 62033 6491963 294327622 291164018 0 solutions=0
N=362 n=7 V: 1 360 63450 6724596 310911068 332042303 0 solutions=0
N=366 n=7 V: 1 364 64890 6973266 333395950 454362856 0 solutions=0
N=370 n=7 V: 1 368 66336 7209660 346177936 427108555 0 solutions=0
N=374 n=7 V: 1 372 67797 7455305 365097719 491099112 0 solutions=0
N=378 n=7 V: 1 376 69285 7720646 389177267 656407433 0 solutions=0
N=382 n=7 V: 1 380 70775 7971393 404588188 616678420 0 solutions=0
N=386 n=7 V: 1 384 72288 8237927 425610822 692791117 0 solutions=0
N=390 n=7 V: 1 388 73828 8524680 454023089 899475520 0 solutions=0
