N=4 n=7 V: 1 2 0 0 0 0 0 solutions=0
N=8 n=7 V: 1 6 1 0 0 0 0 solutions=0
N=12 n=7 V: 1 10 25 0 0 0 0 solutions=0
N=16 n=7 V: 1 14 51 0 0 0 0 solutions=0
N=20 n=7 V: 1 18 104 0 0 0 0 solutions=0
N=24 n=7 V: 1 22 172 24 0 0 0 solutions=0
N=28 n=7 V: 1 26 246 78 0 0 0 solutions=0
N=32 n=7 V: 1 30 343 299 0 0 0 solutions=0
N=36 n=7 V: 1 34 463 1083 0 0 0 solutions=0
N=40 n=7 V: 1 38 589 1363 0 0 0 solutions=0
N=44 n=7 V: 1 42 730 2694 0 0 0 solutions=0
N=48 n=7 V: 1 46 898 4554 0 0 0 solutions=0
N=52 n=7 V: 1 50 1068 6149 0 0 0 solutions=0
N=56 n=7 V: 1 54 1261 8023 0 0 0 solutions=0
N=60 n=7 V: 1 58 1481 12620 2 0 0 solutions=0
N=64 n=7 V: 1 62 1695 15074 29 0 0 solutions=0
N=68 n=7 V: 1 66 1936 19891 150 0 0 solutions=0
N=72 n=7 V: 1 70 2200 25786 1563 0 0 solutions=0
N=76 n=7 V: 1 74 2466 31206 1359 0 0 solutions=0
N=80 n=7 V: 1 78 2759 37898 3173 0 0 solutions=0
N=84 n=7 V: 1 82 3067 47382 10021 0 0 solutions=0
N=88 n=7 V: 1 86 3381 54563 13419 0 0 solutions=0
N=92 n=7 V: 1 90 3718 65272 22271 0 0 solutions=0
N=96 n=7 V: 1 94 4078 78105 52338 0 0 solutions=0
N=100 n=7 V: 1 98 4444 89410 55896 0 0 solutions=0
N=104 n=7 V: 1 102 4825 102319 86578 0 0 solutions=0
N=108 n=7 V: 1 106 5233 120049 185563 0 0 solutions=0
N=112 n=7 V: 1 110 5643 133641 174086 0 0 solutions=0
N=116 n=7 V: 1 114 6076 152682 255576 0 0 solutions=0
N=120 n=7 V: 1 118 6536 175163 399112 0 0 solutions=0
N=124 n=7 V: 1 122 6990 193567 459140 0 0 solutions=0
N=128 n=7 V: 1 126 7471 216017 584081 0 0 solutions=0
N=132 n=7 V: 1 130 7975 244062 924165 0 0 solutions=0
N=136 n=7 V: 1 134 8481 267265 940499 0 0 solutions=0
N=140 n=7 V: 1 138 9014 296339 1154535 0 0 solutions=0
N=144 n=7 V: 1 142 9562 328938 1685353 0 0 solutions=0
N=148 n=7 V: 1 146 10116 358641 1820410 0 0 solutions=0
N=152 n=7 V: 1 150 10693 392649 2148760 0 0 solutions=0
N=156 n=7 V: 1 154 11293 433199 2959854 0 0 solutions=0
N=160 n=7 V: 1 158 11899 468708 3049928 0 0 solutions=0
N=164 n=7 V: 1 162 12520 509156 3714235 0 0 solutions=0
N=168 n=7 V: 1 166 13168 555821 4600840 2 0 solutions=0
N=172 n=7 V: 1 170 13818 598090 5086681 9 0 solutions=0
N=176 n=7 V: 1 174 14491 645421 5885592 60 0 solutions=0
N=180 n=7 V: 1 178 15191 702052 7308606 370 0 solutions=0
N=184 n=7 V: 1 182 15885 749711 7693602 429 0 solutions=0
N=188 n=7 V: 1 186 16606 805870 8937935 821 0 solutions=0
N=192 n=7 V: 1 190 17350 868886 10734819 5303 0 solutions=0
N=196 n=7 V: 1 194 18096 925264 11416103 3580 0 solutions=0
N=200 n=7 V: 1 198 18869 990983 12775856 7420 0 solutions=0
N=204 n=7 V: 1 202 19657 1062207 15513053 31969 0 solutions=0
N=208 n=7 V: 1 206 20451 1126261 16377606 25257 0 solutions=0
N=212 n=7 V: 1 210 21268 1199999 18373273 40963 0 solutions=0
N=216 n=7 V: 1 214 22108 1281079 21262242 289066 0 solutions=0
N=220 n=7 V: 1 218 22954 1356730 22755127 94037 0 solutions=0
N=224 n=7 V: 1 222 23815 1436954 24870339 157766 0 solutions=0
N=228 n=7 V: 1 226 24703 1529732 29137799 426636 0 solutions=0
N=232 n=7 V: 1 230 25593 1612514 30474860 395095 0 solutions=0
N=236 n=7 V: 1 234 26506 1705369 33846140 482388 0 solutions=0
N=240 n=7 V: 1 238 27446 1808938 38404632 1171247 0 solutions=0
N=244 n=7 V: 1 242 28380 1900934 40708904 939193 0 solutions=0
N=248 n=7 V: 1 246 29341 2003774 44164232 1392725 0 solutions=0
N=252 n=7 V: 1 250 30325 2116781 49965001 3350101 0 solutions=0
N=256 n=7 V: 1 254 31311 2220974 52638662 2344079 0 solutions=0
N=260 n=7 V: 1 258 32324 2337616 57556084 2883717 0 solutions=0
N=264 n=7 V: 1 262 33352 2460523 64086326 6385932 0 solutions=0
N=268 n=7 V: 1 266 34386 2576128 67645754 5051551 0 solutions=0
N=272 n=7 V: 1 270 35443 2701661 72978725 6420587 0 solutions=0
N=276 n=7 V: 1 274 36523 2839930 81327235 12114535 0 solutions=0
N=280 n=7 V: 1 278 37609 2968117 84423241 9981319 0 solutions=0
N=284 n=7 V: 1 282 38710 3105123 91867058 12801291 0 solutions=0
N=288 n=7 V: 1 286 39838 3254775 100948875 25657824 0 solutions=0
N=292 n=7 V: 1 290 40968 3394817 106171289 19500888 0 solutions=0
N=296 n=7 V: 1 294 42121 3545873 113393915 23957981 0 solutions=0
