N=3 n=7 V: 1 2 0 0 0 0 0 solutions=0
N=7 n=7 V: 1 6 0 0 0 0 0 solutions=0
N=11 n=7 V: 1 10 20 0 0 0 0 solutions=0
N=15 n=7 V: 1 14 64 0 0 0 0 solutions=0
N=19 n=7 V: 1 18 108 0 0 0 0 solutions=0
N=23 n=7 V: 1 22 176 9 0 0 0 solutions=0
N=27 n=7 V: 1 26 264 243 0 0 0 solutions=0
N=31 n=7 V: 1 30 360 357 0 0 0 solutions=0
N=35 n=7 V: 1 34 480 726 0 0 0 solutions=0
N=39 n=7 V: 1 38 612 2187 0 0 0 solutions=0
N=43 n=7 V: 1 42 756 2904 0 0 0 solutions=0
N=47 n=7 V: 1 46 920 4549 0 0 0 solutions=0
N=51 n=7 V: 1 50 1104 7557 0 0 0 solutions=0
N=55 n=7 V: 1 54 1300 9495 0 0 0 solutions=0
N=59 n=7 V: 1 58 1508 12768 0 0 0 solutions=0
N=63 n=7 V: 1 62 1740 17487 7 0 0 solutions=0
N=67 n=7 V: 1 66 1980 21624 130 0 0 solutions=0
N=71 n=7 V: 1 70 2240 27258 573 0 0 solutions=0
N=75 n=7 V: 1 74 2524 35610 2754 0 0 solutions=0
N=79 n=7 V: 1 78 2808 41253 3787 0 0 solutions=0
N=83 n=7 V: 1 82 3116 49745 8026 0 0 solutions=0
N=87 n=7 V: 1 86 3444 61076 26861 0 0 solutions=0
N=91 n=7 V: 1 90 3780 69593 24959 0 0 solutions=0
N=95 n=7 V: 1 94 4140 82637 40907 0 0 solutions=0
N=99 n=7 V: 1 98 4512 96696 123394 0 0 solutions=0
N=103 n=7 V: 1 102 4896 109690 106842 0 0 solutions=0
N=107 n=7 V: 1 106 5300 125625 154947 0 0 solutions=0
N=111 n=7 V: 1 110 5724 145325 289838 0 0 solutions=0
N=115 n=7 V: 1 114 6160 162887 283115 0 0 solutions=0
N=119 n=7 V: 1 118 6608 182134 384604 0 0 solutions=0
N=123 n=7 V: 1 122 7080 207222 658178 0 0 solutions=0
N=127 n=7 V: 1 126 7560 228550 690085 0 0 solutions=0
N=131 n=7 V: 1 130 8060 254234 880964 0 0 solutions=0
N=135 n=7 V: 1 134 8584 285313 1292022 0 0 solutions=0
N=139 n=7 V: 1 138 9108 311209 1379674 0 0 solutions=0
N=143 n=7 V: 1 142 9656 342207 1753596 0 0 solutions=0
N=147 n=7 V: 1 146 10224 378910 2293003 0 0 solutions=0
N=151 n=7 V: 1 150 10800 411659 2494380 0 0 solutions=0
N=155 n=7 V: 1 154 11400 450744 2927381 0 0 solutions=0
N=159 n=7 V: 1 158 12012 492741 3942779 0 0 solutions=0
N=163 n=7 V: 1 162 12636 531626 4179617 0 0 solutions=0
N=167 n=7 V: 1 166 13280 576251 4896361 0 0 solutions=0
N=171 n=7 V: 1 170 13944 626647 6236990 7 0 solutions=0
N=175 n=7 V: 1 174 14620 674149 6412967 38 0 solutions=0
N=179 n=7 V: 1 178 15308 724930 7605389 162 0 solutions=0
N=183 n=7 V: 1 182 16020 783558 9397252 1094 0 solutions=0
N=187 n=7 V: 1 186 16740 836702 10031678 944 0 solutions=0
N=191 n=7 V: 1 190 17480 897160 11306625 2406 0 solutions=0
N=195 n=7 V: 1 194 18244 965688 13681628 11219 0 solutions=0
N=199 n=7 V: 1 198 19008 1025915 14430149 9535 0 solutions=0
N=203 n=7 V: 1 202 19796 1094419 16004265 16487 0 solutions=0
N=207 n=7 V: 1 206 20604 1170621 19158588 124719 0 solutions=0
N=211 n=7 V: 1 210 21420 1241235 20272530 52342 0 solutions=0
N=215 n=7 V: 1 214 22260 1321154 22504864 77267 0 solutions=0
N=219 n=7 V: 1 218 23112 1405047 26297488 279562 0 solutions=0
N=223 n=7 V: 1 222 23976 1484712 27726030 201558 0 solutions=0
N=227 n=7 V: 1 226 24860 1572427 30614530 297852 0 solutions=0
N=231 n=7 V: 1 230 25764 1668003 34984547 763633 0 solutions=0
N=235 n=7 V: 1 234 26680 1760257 37021537 573120 0 solutions=0
N=239 n=7 V: 1 238 27608 1856136 40640575 860097 0 solutions=0
N=243 n=7 V: 1 242 28560 1962787 46097494 3847885 0 solutions=0
N=247 n=7 V: 1 246 29520 2062813 48714290 1533784 0 solutions=0
N=251 n=7 V: 1 250 30500 2172036 52941286 2159061 0 solutions=0
N=255 n=7 V: 1 254 31504 2292448 59766231 4460814 0 solutions=0
N=259 n=7 V: 1 258 32508 2401123 62169367 3585400 0 solutions=0
N=263 n=7 V: 1 262 33536 2521853 67834815 4878017 0 solutions=0
N=267 n=7 V: 1 266 34584 2652104 75728453 10228807 0 solutions=0
N=271 n=7 V: 1 270 35640 2774761 79371317 7992007 0 solutions=0
N=275 n=7 V: 1 274 36720 2909682 85737341 9797355 0 solutions=0
N=279 n=7 V: 1 278 37812 3049846 94712992 23884785 0 solutions=0
N=283 n=7 V: 1 282 38916 3184948 99351069 15710368 0 solutions=0
N=287 n=7 V: 1 286 40040 3329905 106292213 18697021 0 solutions=0
N=291 n=7 V: 1 290 41184 3486053 117548250 35094119 0 solutions=0
N=295 n=7 V: 1 294 42340 3636467 122975348 27709681 0 solutions=0
