N=1 n=7 V: 1 0 0 0 0 0 0 solutions=0
N=5 n=7 V: 1 4 0 0 0 0 0 solutions=0
N=9 n=7 V: 1 8 12 0 0 0 0 solutions=0
N=13 n=7 V: 1 12 36 0 0 0 0 solutions=0
N=17 n=7 V: 1 16 80 0 0 0 0 solutions=0
N=21 n=7 V: 1 20 144 0 0 0 0 solutions=0
N=25 n=7 V: 1 24 220 28 0 0 0 solutions=0
N=29 n=7 V: 1 28 308 196 0 0 0 solutions=0
N=33 n=7 V: 1 32 420 892 0 0 0 solutions=0
N=37 n=7 V: 1 36 540 1242 0 0 0 solutions=0
N=41 n=7 V: 1 40 680 2251 0 0 0 solutions=0
N=45 n=7 V: 1 44 844 4254 0 0 0 solutions=0
N=49 n=7 V: 1 48 1008 5308 0 0 0 solutions=0
N=53 n=7 V: 1 52 1196 7983 0 0 0 solutions=0
N=57 n=7 V: 1 56 1404 12047 0 0 0 solutions=0
N=61 n=7 V: 1 60 1620 14701 6 0 0 solutions=0
N=65 n=7 V: 1 64 1860 19343 58 0 0 solutions=0
N=69 n=7 V: 1 68 2112 25688 669 0 0 solutions=0
N=73 n=7 V: 1 72 2376 30403 1010 0 0 solutions=0
N=77 n=7 V: 1 76 2660 36913 2303 0 0 solutions=0
N=81 n=7 V: 1 80 2964 46736 16920 0 0 solutions=0
N=85 n=7 V: 1 84 3280 54921 10195 0 0 solutions=0
N=89 n=7 V: 1 88 3608 64527 20849 0 0 solutions=0
N=93 n=7 V: 1 92 3960 77735 56341 0 0 solutions=0
N=97 n=7 V: 1 96 4320 88393 56714 0 0 solutions=0
N=101 n=7 V: 1 100 4700 102252 87470 0 0 solutions=0
N=105 n=7 V: 1 104 5104 120004 156591 0 0 solutions=0
N=109 n=7 V: 1 108 5508 134137 184613 0 0 solutions=0
N=113 n=7 V: 1 112 5936 152294 257077 0 0 solutions=0
N=117 n=7 V: 1 116 6384 173996 468806 0 0 solutions=0
N=121 n=7 V: 1 120 6840 193120 484008 0 0 solutions=0
N=125 n=7 V: 1 124 7320 217420 580735 0 0 solutions=0
N=129 n=7 V: 1 128 7812 243869 940420 0 0 solutions=0
N=133 n=7 V: 1 132 8316 267469 953688 0 0 solutions=0
N=137 n=7 V: 1 136 8840 296244 1238929 0 0 solutions=0
N=141 n=7 V: 1 140 9384 329644 1772899 0 0 solutions=0
N=145 n=7 V: 1 144 9940 360348 1825747 0 0 solutions=0
N=149 n=7 V: 1 148 10508 393608 2273012 0 0 solutions=0
N=153 n=7 V: 1 152 11100 433147 3091665 0 0 solutions=0
N=157 n=7 V: 1 156 11700 469094 3255606 0 0 solutions=0
N=161 n=7 V: 1 160 12320 509955 3764081 0 0 solutions=0
N=165 n=7 V: 1 164 12964 558199 4992786 0 0 solutions=0
N=169 n=7 V: 1 168 13608 599276 5329668 1 0 solutions=0
N=173 n=7 V: 1 172 14276 647755 6139657 8 0 solutions=0
N=177 n=7 V: 1 176 14964 702346 7691311 64 0 solutions=0
N=181 n=7 V: 1 180 15660 751953 8148040 216 0 solutions=0
N=185 n=7 V: 1 184 16380 809655 9249405 619 0 solutions=0
N=189 n=7 V: 1 188 17112 870251 11197354 1974 0 solutions=0
N=193 n=7 V: 1 192 17856 928275 12034596 3369 0 solutions=0
N=197 n=7 V: 1 196 18620 992645 13595292 6781 0 solutions=0
N=201 n=7 V: 1 200 19404 1064245 16245074 28314 0 solutions=0
N=205 n=7 V: 1 204 20200 1132033 17100045 21139 0 solutions=0
N=209 n=7 V: 1 208 21008 1203160 19276901 38123 0 solutions=0
N=213 n=7 V: 1 212 21840 1284407 22539118 146359 0 solutions=0
N=217 n=7 V: 1 216 22680 1359097 23527160 99518 0 solutions=0
N=221 n=7 V: 1 220 23540 1441820 26494336 155278 0 solutions=0
N=225 n=7 V: 1 224 24424 1534659 30444375 652418 0 solutions=0
N=229 n=7 V: 1 228 25308 1617549 32140526 358433 0 solutions=0
N=233 n=7 V: 1 232 26216 1710366 35362560 516710 0 solutions=0
N=237 n=7 V: 1 236 27144 1811797 40425938 1344789 0 solutions=0
N=241 n=7 V: 1 240 28080 1906504 42524619 1009271 0 solutions=0
N=245 n=7 V: 1 244 29040 2011992 46120291 1242491 0 solutions=0
N=249 n=7 V: 1 248 30012 2122481 52586565 3263670 0 solutions=0
N=253 n=7 V: 1 252 30996 2227704 55297137 2519605 0 solutions=0
N=257 n=7 V: 1 256 32000 2342596 60042929 3280184 0 solutions=0
N=261 n=7 V: 1 260 33024 2466539 67142800 9455001 0 solutions=0
N=265 n=7 V: 1 264 34060 2586068 70607562 5232586 0 solutions=0
N=269 n=7 V: 1 268 35108 2710020 76358865 7073897 0 solutions=0
N=273 n=7 V: 1 272 36180 2845984 84626290 13208200 0 solutions=0
N=277 n=7 V: 1 276 37260 2975146 88941708 11290746 0 solutions=0
N=281 n=7 V: 1 280 38360 3113955 95785316 14091742 0 solutions=0
N=285 n=7 V: 1 284 39484 3265704 106032955 24304990 0 solutions=0
N=289 n=7 V: 1 288 40608 3404288 110760849 21193992 0 solutions=0
N=293 n=7 V: 1 292 41756 3556127 118691917 26278064 0 solutions=0
N=297 n=7 V: 1 296 42924 3718309 130043222 56961217 0 solutions=0
N=301 n=7 V: 1 300 44100 3872757 135554066 37378330 0 solutions=0
N=305 n=7 V: 1 304 45300 4041175 145605649 44465130 0 solutions=0
N=309 n=7 V: 1 308 46512 4214912 158786715 77398802 0 solutions=0
N=313 n=7 V: 1 312 47736 4382747 165676313 66015437 0 solutions=0
N=317 n=7 V: 1 316 48980 4562097 176532380 78211479 0 solutions=0
N=321 n=7 V: 1 320 50244 4753297 191747076 124443105 0 solutions=0
N=325 n=7 V: 1 324 51520 4938261 200172342 103759734 0 solutions=0
N=329 n=7 V: 1 328 52808 5129103 211680116 123559983 0 solutions=0
N=333 n=7 V: 1 332 54120 5335422 229245811 208545205 0 solutions=0
N=337 n=7 V: 1 336 55440 5532497 239007436 171510963 0 solutions=0
N=341 n=7 V: 1 340 56780 5741524 253194706 205841912 0 solutions=0
N=345 n=7 V: 1 344 58144 5966936 273275966 280031927 0 solutions=0
N=349 n=7 V: 1 348 59508 6175961 283665359 262968164 0 solutions=0
N=353 n=7 V: 1 352 60896 6401038 299854138 301339298 0 solutions=0
N=357 n=7 V: 1 356 62304 6638965 321341334 416148707 0 solutions=0
N=361 n=7 V: 1 360 63720 6867409 334448449 389219303 0 solutions=0
N=365 n=7 V: 1 364 65160 7112460 353008309 434223167 0 solutions=0
N=369 n=7 V: 1 368 66612 7363836 376693578 644576150 0 solutions=0
N=373 n=7 V: 1 372 68076 7608708 391406636 570550551 0 solutions=0
N=377 n=7 V: 1 376 69560 7866956 412039239 645201681 0 solutions=0
N=381 n=7 V: 1 380 71064 8139748 439323265 871231086 0 solutions=0
N=385 n=7 V: 1 384 72580 8404708 455116436 799171595 0 solutions=0
