N=100 k=4 n=7 V: 1 98 4492 97803 262298 349 0 time=2.80
N=101 k=4 n=7 V: 1 100 4750 111610 347686 977 0 time=3.56
N=102 k=4 n=7 V: 1 100 4681 105093 320856 559 0 time=3.34
N=103 k=4 n=7 V: 1 102 4947 119457 394138 1320 0 time=4.25
N=104 k=4 n=7 V: 1 102 4875 111488 328392 879 0 time=3.92
N=105 k=4 n=7 V: 1 104 5155 129870 492841 2208 0 time=5.16
N=106 k=4 n=7 V: 1 104 5070 118190 371054 1247 0 time=4.35
N=107 k=4 n=7 V: 1 106 5353 136234 501523 2381 0 time=5.37
N=108 k=4 n=7 V: 1 106 5284 129663 483895 1240 0 time=5.53
N=109 k=4 n=7 V: 1 108 5562 145180 563648 2905 0 time=6.63
N=110 k=4 n=7 V: 1 108 5485 135202 481761 2884 0 time=5.82
N=111 k=4 n=7 V: 1 110 5778 156368 708835 3202 0 time=8.23
N=112 k=4 n=7 V: 1 110 5697 144534 524064 2360 0 time=7.10
N=113 k=4 n=7 V: 1 112 5992 164231 706794 4515 0 time=8.44
N=114 k=4 n=7 V: 1 112 5914 155411 653530 3100 0 time=8.24
N=115 k=4 n=7 V: 1 114 6217 175327 792519 6809 0 time=9.99
N=116 k=4 n=7 V: 1 114 6132 164325 674496 3610 0 time=8.86
N=117 k=4 n=7 V: 1 116 6441 186464 991226 5567 0 time=12.00
N=118 k=4 n=7 V: 1 116 6351 172630 739394 4898 0 time=10.00
N=119 k=4 n=7 V: 1 118 6667 195527 954796 7218 0 time=12.76
N=120 k=4 n=7 V: 1 118 6593 187465 910879 6503 0 time=12.53
N=121 k=4 n=7 V: 1 120 6900 206989 1094534 8873 0 time=14.43
N=122 k=4 n=7 V: 1 120 6810 193932 913124 7304 0 time=12.76
N=123 k=4 n=7 V: 1 122 7140 221052 1323009 11999 0 time=17.32
N=124 k=4 n=7 V: 1 122 7050 207082 1031428 7876 0 time=14.86
N=125 k=4 n=7 V: 1 124 7382 232290 1320997 18108 0 time=18.37
